source_code: |-
  section .data
  # It is definitly "Hello World!"
      hello_str: "Hello world!"
  section .code
  .start:
  #   MMIO out address 
      mov x8, 0xFFFFFFDF
      mov x4, 0
      mov x5, hello_str
      ld x6, [x5]
      inc x5
  .while:
      cmp x4, x6
      je .exit
      ld x7, [x5]
      st [x8], x7
      inc x5
      dec x6
      jmp .while
  .exit:
      hlt

stdin: |
  Nothing gonna change
stdout: |-
  =====
  MMIO on -33 : 'Hello world!'

out_code_readable: |-
  {
      "data_mem": {
          "0": 12,
          "1": 72,
          "2": 101,
          "3": 108,
          "4": 108,
          "5": 111,
          "6": 32,
          "7": 119,
          "8": 111,
          "9": 114,
          "10": 108,
          "11": 100,
          "12": 33
      },
      "start": 0,
      "code_mem": {
          "0": {
              "opcode": "mov",
              "args": [
                  "x8",
                  "0xFFFFFFDF"
              ]
          },
          "1": {
              "opcode": "mov",
              "args": [
                  "x4",
                  "0"
              ]
          },
          "2": {
              "opcode": "mov",
              "args": [
                  "x5",
                  "0"
              ]
          },
          "3": {
              "opcode": "ld",
              "args": [
                  "x6",
                  "x5"
              ]
          },
          "4": {
              "opcode": "inc",
              "args": [
                  "x5"
              ]
          },
          "5": {
              "opcode": "cmp",
              "args": [
                  "x4",
                  "x6"
              ]
          },
          "6": {
              "opcode": "je",
              "args": [
                  "12"
              ]
          },
          "7": {
              "opcode": "ld",
              "args": [
                  "x7",
                  "x5"
              ]
          },
          "8": {
              "opcode": "st",
              "args": [
                  "x8",
                  "x7"
              ]
          },
          "9": {
              "opcode": "inc",
              "args": [
                  "x5"
              ]
          },
          "10": {
              "opcode": "dec",
              "args": [
                  "x6"
              ]
          },
          "11": {
              "opcode": "jmp",
              "args": [
                  "5"
              ]
          },
          "12": {
              "opcode": "hlt",
              "args": []
          }
      }
  }

out_log: |-
  DEBUG   vm:simulation    TICK 0 REGS: [(X0 = 0)(X1 = 0)(X2 = 1023)(X3 = 0)(X4 = 0)(X5 = 0)(X6 = 0)(X7 = 0)(X8 = 0)(X9 = 0)(X10 = 0)(X11 = 0)(X12 = 0)(X13 = 0)(X14 = 0)] MOV ['x8', '0xFFFFFFDF']
  DEBUG   vm:simulation    TICK 4 REGS: [(X0 = 0)(X1 = 0)(X2 = 1023)(X3 = 1)(X4 = 0)(X5 = 0)(X6 = 0)(X7 = 0)(X8 = -33)(X9 = 0)(X10 = 0)(X11 = 0)(X12 = 0)(X13 = 0)(X14 = 0)] MOV ['x4', '0']
  DEBUG   vm:simulation    TICK 8 REGS: [(X0 = 0)(X1 = 0)(X2 = 1023)(X3 = 2)(X4 = 0)(X5 = 0)(X6 = 0)(X7 = 0)(X8 = -33)(X9 = 0)(X10 = 0)(X11 = 0)(X12 = 0)(X13 = 0)(X14 = 0)] MOV ['x5', '0']
  DEBUG   vm:simulation    TICK 12 REGS: [(X0 = 0)(X1 = 0)(X2 = 1023)(X3 = 3)(X4 = 0)(X5 = 0)(X6 = 0)(X7 = 0)(X8 = -33)(X9 = 0)(X10 = 0)(X11 = 0)(X12 = 0)(X13 = 0)(X14 = 0)] LD ['x6', 'x5']
  DEBUG   vm:simulation    TICK 17 REGS: [(X0 = 0)(X1 = 0)(X2 = 1023)(X3 = 4)(X4 = 0)(X5 = 0)(X6 = 12)(X7 = 0)(X8 = -33)(X9 = 0)(X10 = 0)(X11 = 0)(X12 = 0)(X13 = 0)(X14 = 0)] INC ['x5']
  DEBUG   vm:simulation    TICK 20 REGS: [(X0 = 0)(X1 = 0)(X2 = 1023)(X3 = 5)(X4 = 0)(X5 = 1)(X6 = 12)(X7 = 0)(X8 = -33)(X9 = 0)(X10 = 0)(X11 = 0)(X12 = 0)(X13 = 0)(X14 = 0)] CMP ['x4', 'x6']
  DEBUG   vm:simulation    TICK 23 REGS: [(X0 = 0)(X1 = 0)(X2 = 1023)(X3 = 6)(X4 = 0)(X5 = 1)(X6 = 12)(X7 = 0)(X8 = -33)(X9 = 0)(X10 = 0)(X11 = 0)(X12 = 0)(X13 = 0)(X14 = 0)] JE ['12']
  DEBUG   vm:simulation    TICK 25 REGS: [(X0 = 0)(X1 = 0)(X2 = 1023)(X3 = 7)(X4 = 0)(X5 = 1)(X6 = 12)(X7 = 0)(X8 = -33)(X9 = 0)(X10 = 0)(X11 = 0)(X12 = 0)(X13 = 0)(X14 = 0)] LD ['x7', 'x5']
  DEBUG   vm:simulation    TICK 30 REGS: [(X0 = 0)(X1 = 0)(X2 = 1023)(X3 = 8)(X4 = 0)(X5 = 1)(X6 = 12)(X7 = 72)(X8 = -33)(X9 = 0)(X10 = 0)(X11 = 0)(X12 = 0)(X13 = 0)(X14 = 0)] ST ['x8', 'x7']
  DEBUG   vm:simulation    TICK 35 REGS: [(X0 = 0)(X1 = 0)(X2 = 1023)(X3 = 9)(X4 = 0)(X5 = 1)(X6 = 12)(X7 = 72)(X8 = -33)(X9 = 0)(X10 = 0)(X11 = 0)(X12 = 0)(X13 = 0)(X14 = 0)] INC ['x5']
  DEBUG   vm:simulation    TICK 38 REGS: [(X0 = 0)(X1 = 0)(X2 = 1023)(X3 = 10)(X4 = 0)(X5 = 2)(X6 = 12)(X7 = 72)(X8 = -33)(X9 = 0)(X10 = 0)(X11 = 0)(X12 = 0)(X13 = 0)(X14 = 0)] DEC ['x6']
  DEBUG   vm:simulation    TICK 41 REGS: [(X0 = 0)(X1 = 0)(X2 = 1023)(X3 = 11)(X4 = 0)(X5 = 2)(X6 = 11)(X7 = 72)(X8 = -33)(X9 = 0)(X10 = 0)(X11 = 0)(X12 = 0)(X13 = 0)(X14 = 0)] JUMP ['5']
  DEBUG   vm:simulation    TICK 43 REGS: [(X0 = 0)(X1 = 0)(X2 = 1023)(X3 = 5)(X4 = 0)(X5 = 2)(X6 = 11)(X7 = 72)(X8 = -33)(X9 = 0)(X10 = 0)(X11 = 0)(X12 = 0)(X13 = 0)(X14 = 0)] CMP ['x4', 'x6']
  DEBUG   vm:simulation    TICK 46 REGS: [(X0 = 0)(X1 = 0)(X2 = 1023)(X3 = 6)(X4 = 0)(X5 = 2)(X6 = 11)(X7 = 72)(X8 = -33)(X9 = 0)(X10 = 0)(X11 = 0)(X12 = 0)(X13 = 0)(X14 = 0)] JE ['12']
  DEBUG   vm:simulation    TICK 48 REGS: [(X0 = 0)(X1 = 0)(X2 = 1023)(X3 = 7)(X4 = 0)(X5 = 2)(X6 = 11)(X7 = 72)(X8 = -33)(X9 = 0)(X10 = 0)(X11 = 0)(X12 = 0)(X13 = 0)(X14 = 0)] LD ['x7', 'x5']
  DEBUG   vm:simulation    TICK 53 REGS: [(X0 = 0)(X1 = 0)(X2 = 1023)(X3 = 8)(X4 = 0)(X5 = 2)(X6 = 11)(X7 = 101)(X8 = -33)(X9 = 0)(X10 = 0)(X11 = 0)(X12 = 0)(X13 = 0)(X14 = 0)] ST ['x8', 'x7']
  DEBUG   vm:simulation    TICK 58 REGS: [(X0 = 0)(X1 = 0)(X2 = 1023)(X3 = 9)(X4 = 0)(X5 = 2)(X6 = 11)(X7 = 101)(X8 = -33)(X9 = 0)(X10 = 0)(X11 = 0)(X12 = 0)(X13 = 0)(X14 = 0)] INC ['x5']
  DEBUG   vm:simulation    TICK 61 REGS: [(X0 = 0)(X1 = 0)(X2 = 1023)(X3 = 10)(X4 = 0)(X5 = 3)(X6 = 11)(X7 = 101)(X8 = -33)(X9 = 0)(X10 = 0)(X11 = 0)(X12 = 0)(X13 = 0)(X14 = 0)] DEC ['x6']
  DEBUG   vm:simulation    TICK 64 REGS: [(X0 = 0)(X1 = 0)(X2 = 1023)(X3 = 11)(X4 = 0)(X5 = 3)(X6 = 10)(X7 = 101)(X8 = -33)(X9 = 0)(X10 = 0)(X11 = 0)(X12 = 0)(X13 = 0)(X14 = 0)] JUMP ['5']
  DEBUG   vm:simulation    TICK 66 REGS: [(X0 = 0)(X1 = 0)(X2 = 1023)(X3 = 5)(X4 = 0)(X5 = 3)(X6 = 10)(X7 = 101)(X8 = -33)(X9 = 0)(X10 = 0)(X11 = 0)(X12 = 0)(X13 = 0)(X14 = 0)] CMP ['x4', 'x6']
  DEBUG   vm:simulation    TICK 69 REGS: [(X0 = 0)(X1 = 0)(X2 = 1023)(X3 = 6)(X4 = 0)(X5 = 3)(X6 = 10)(X7 = 101)(X8 = -33)(X9 = 0)(X10 = 0)(X11 = 0)(X12 = 0)(X13 = 0)(X14 = 0)] JE ['12']
  DEBUG   vm:simulation    TICK 71 REGS: [(X0 = 0)(X1 = 0)(X2 = 1023)(X3 = 7)(X4 = 0)(X5 = 3)(X6 = 10)(X7 = 101)(X8 = -33)(X9 = 0)(X10 = 0)(X11 = 0)(X12 = 0)(X13 = 0)(X14 = 0)] LD ['x7', 'x5']
  DEBUG   vm:simulation    TICK 76 REGS: [(X0 = 0)(X1 = 0)(X2 = 1023)(X3 = 8)(X4 = 0)(X5 = 3)(X6 = 10)(X7 = 108)(X8 = -33)(X9 = 0)(X10 = 0)(X11 = 0)(X12 = 0)(X13 = 0)(X14 = 0)] ST ['x8', 'x7']
  DEBUG   vm:simulation    TICK 81 REGS: [(X0 = 0)(X1 = 0)(X2 = 1023)(X3 = 9)(X4 = 0)(X5 = 3)(X6 = 10)(X7 = 108)(X8 = -33)(X9 = 0)(X10 = 0)(X11 = 0)(X12 = 0)(X13 = 0)(X14 = 0)] INC ['x5']
  DEBUG   vm:simulation    TICK 84 REGS: [(X0 = 0)(X1 = 0)(X2 = 1023)(X3 = 10)(X4 = 0)(X5 = 4)(X6 = 10)(X7 = 108)(X8 = -33)(X9 = 0)(X10 = 0)(X11 = 0)(X12 = 0)(X13 = 0)(X14 = 0)] DEC ['x6']
  DEBUG   vm:simulation    TICK 87 REGS: [(X0 = 0)(X1 = 0)(X2 = 1023)(X3 = 11)(X4 = 0)(X5 = 4)(X6 = 9)(X7 = 108)(X8 = -33)(X9 = 0)(X10 = 0)(X11 = 0)(X12 = 0)(X13 = 0)(X14 = 0)] JUMP ['5']
  DEBUG   vm:simulation    TICK 89 REGS: [(X0 = 0)(X1 = 0)(X2 = 1023)(X3 = 5)(X4 = 0)(X5 = 4)(X6 = 9)(X7 = 108)(X8 = -33)(X9 = 0)(X10 = 0)(X11 = 0)(X12 = 0)(X13 = 0)(X14 = 0)] CMP ['x4', 'x6']
  DEBUG   vm:simulation    TICK 92 REGS: [(X0 = 0)(X1 = 0)(X2 = 1023)(X3 = 6)(X4 = 0)(X5 = 4)(X6 = 9)(X7 = 108)(X8 = -33)(X9 = 0)(X10 = 0)(X11 = 0)(X12 = 0)(X13 = 0)(X14 = 0)] JE ['12']
  DEBUG   vm:simulation    TICK 94 REGS: [(X0 = 0)(X1 = 0)(X2 = 1023)(X3 = 7)(X4 = 0)(X5 = 4)(X6 = 9)(X7 = 108)(X8 = -33)(X9 = 0)(X10 = 0)(X11 = 0)(X12 = 0)(X13 = 0)(X14 = 0)] LD ['x7', 'x5']
  DEBUG   vm:simulation    TICK 99 REGS: [(X0 = 0)(X1 = 0)(X2 = 1023)(X3 = 8)(X4 = 0)(X5 = 4)(X6 = 9)(X7 = 108)(X8 = -33)(X9 = 0)(X10 = 0)(X11 = 0)(X12 = 0)(X13 = 0)(X14 = 0)] ST ['x8', 'x7']
  DEBUG   vm:simulation    TICK 104 REGS: [(X0 = 0)(X1 = 0)(X2 = 1023)(X3 = 9)(X4 = 0)(X5 = 4)(X6 = 9)(X7 = 108)(X8 = -33)(X9 = 0)(X10 = 0)(X11 = 0)(X12 = 0)(X13 = 0)(X14 = 0)] INC ['x5']
  DEBUG   vm:simulation    TICK 107 REGS: [(X0 = 0)(X1 = 0)(X2 = 1023)(X3 = 10)(X4 = 0)(X5 = 5)(X6 = 9)(X7 = 108)(X8 = -33)(X9 = 0)(X10 = 0)(X11 = 0)(X12 = 0)(X13 = 0)(X14 = 0)] DEC ['x6']
  DEBUG   vm:simulation    TICK 110 REGS: [(X0 = 0)(X1 = 0)(X2 = 1023)(X3 = 11)(X4 = 0)(X5 = 5)(X6 = 8)(X7 = 108)(X8 = -33)(X9 = 0)(X10 = 0)(X11 = 0)(X12 = 0)(X13 = 0)(X14 = 0)] JUMP ['5']
  DEBUG   vm:simulation    TICK 112 REGS: [(X0 = 0)(X1 = 0)(X2 = 1023)(X3 = 5)(X4 = 0)(X5 = 5)(X6 = 8)(X7 = 108)(X8 = -33)(X9 = 0)(X10 = 0)(X11 = 0)(X12 = 0)(X13 = 0)(X14 = 0)] CMP ['x4', 'x6']
  DEBUG   vm:simulation    TICK 115 REGS: [(X0 = 0)(X1 = 0)(X2 = 1023)(X3 = 6)(X4 = 0)(X5 = 5)(X6 = 8)(X7 = 108)(X8 = -33)(X9 = 0)(X10 = 0)(X11 = 0)(X12 = 0)(X13 = 0)(X14 = 0)] JE ['12']
  DEBUG   vm:simulation    TICK 117 REGS: [(X0 = 0)(X1 = 0)(X2 = 1023)(X3 = 7)(X4 = 0)(X5 = 5)(X6 = 8)(X7 = 108)(X8 = -33)(X9 = 0)(X10 = 0)(X11 = 0)(X12 = 0)(X13 = 0)(X14 = 0)] LD ['x7', 'x5']
  DEBUG   vm:simulation    TICK 122 REGS: [(X0 = 0)(X1 = 0)(X2 = 1023)(X3 = 8)(X4 = 0)(X5 = 5)(X6 = 8)(X7 = 111)(X8 = -33)(X9 = 0)(X10 = 0)(X11 = 0)(X12 = 0)(X13 = 0)(X14 = 0)] ST ['x8', 'x7']
  DEBUG   vm:simulation    TICK 127 REGS: [(X0 = 0)(X1 = 0)(X2 = 1023)(X3 = 9)(X4 = 0)(X5 = 5)(X6 = 8)(X7 = 111)(X8 = -33)(X9 = 0)(X10 = 0)(X11 = 0)(X12 = 0)(X13 = 0)(X14 = 0)] INC ['x5']
  DEBUG   vm:simulation    TICK 130 REGS: [(X0 = 0)(X1 = 0)(X2 = 1023)(X3 = 10)(X4 = 0)(X5 = 6)(X6 = 8)(X7 = 111)(X8 = -33)(X9 = 0)(X10 = 0)(X11 = 0)(X12 = 0)(X13 = 0)(X14 = 0)] DEC ['x6']
  DEBUG   vm:simulation    TICK 133 REGS: [(X0 = 0)(X1 = 0)(X2 = 1023)(X3 = 11)(X4 = 0)(X5 = 6)(X6 = 7)(X7 = 111)(X8 = -33)(X9 = 0)(X10 = 0)(X11 = 0)(X12 = 0)(X13 = 0)(X14 = 0)] JUMP ['5']
  DEBUG   vm:simulation    TICK 135 REGS: [(X0 = 0)(X1 = 0)(X2 = 1023)(X3 = 5)(X4 = 0)(X5 = 6)(X6 = 7)(X7 = 111)(X8 = -33)(X9 = 0)(X10 = 0)(X11 = 0)(X12 = 0)(X13 = 0)(X14 = 0)] CMP ['x4', 'x6']
  DEBUG   vm:simulation    TICK 138 REGS: [(X0 = 0)(X1 = 0)(X2 = 1023)(X3 = 6)(X4 = 0)(X5 = 6)(X6 = 7)(X7 = 111)(X8 = -33)(X9 = 0)(X10 = 0)(X11 = 0)(X12 = 0)(X13 = 0)(X14 = 0)] JE ['12']
  DEBUG   vm:simulation    TICK 140 REGS: [(X0 = 0)(X1 = 0)(X2 = 1023)(X3 = 7)(X4 = 0)(X5 = 6)(X6 = 7)(X7 = 111)(X8 = -33)(X9 = 0)(X10 = 0)(X11 = 0)(X12 = 0)(X13 = 0)(X14 = 0)] LD ['x7', 'x5']
  DEBUG   vm:simulation    TICK 145 REGS: [(X0 = 0)(X1 = 0)(X2 = 1023)(X3 = 8)(X4 = 0)(X5 = 6)(X6 = 7)(X7 = 32)(X8 = -33)(X9 = 0)(X10 = 0)(X11 = 0)(X12 = 0)(X13 = 0)(X14 = 0)] ST ['x8', 'x7']
  DEBUG   vm:simulation    TICK 150 REGS: [(X0 = 0)(X1 = 0)(X2 = 1023)(X3 = 9)(X4 = 0)(X5 = 6)(X6 = 7)(X7 = 32)(X8 = -33)(X9 = 0)(X10 = 0)(X11 = 0)(X12 = 0)(X13 = 0)(X14 = 0)] INC ['x5']
  DEBUG   vm:simulation    TICK 153 REGS: [(X0 = 0)(X1 = 0)(X2 = 1023)(X3 = 10)(X4 = 0)(X5 = 7)(X6 = 7)(X7 = 32)(X8 = -33)(X9 = 0)(X10 = 0)(X11 = 0)(X12 = 0)(X13 = 0)(X14 = 0)] DEC ['x6']
  DEBUG   vm:simulation    TICK 156 REGS: [(X0 = 0)(X1 = 0)(X2 = 1023)(X3 = 11)(X4 = 0)(X5 = 7)(X6 = 6)(X7 = 32)(X8 = -33)(X9 = 0)(X10 = 0)(X11 = 0)(X12 = 0)(X13 = 0)(X14 = 0)] JUMP ['5']
  DEBUG   vm:simulation    TICK 158 REGS: [(X0 = 0)(X1 = 0)(X2 = 1023)(X3 = 5)(X4 = 0)(X5 = 7)(X6 = 6)(X7 = 32)(X8 = -33)(X9 = 0)(X10 = 0)(X11 = 0)(X12 = 0)(X13 = 0)(X14 = 0)] CMP ['x4', 'x6']
  DEBUG   vm:simulation    TICK 161 REGS: [(X0 = 0)(X1 = 0)(X2 = 1023)(X3 = 6)(X4 = 0)(X5 = 7)(X6 = 6)(X7 = 32)(X8 = -33)(X9 = 0)(X10 = 0)(X11 = 0)(X12 = 0)(X13 = 0)(X14 = 0)] JE ['12']
  DEBUG   vm:simulation    TICK 163 REGS: [(X0 = 0)(X1 = 0)(X2 = 1023)(X3 = 7)(X4 = 0)(X5 = 7)(X6 = 6)(X7 = 32)(X8 = -33)(X9 = 0)(X10 = 0)(X11 = 0)(X12 = 0)(X13 = 0)(X14 = 0)] LD ['x7', 'x5']
  DEBUG   vm:simulation    TICK 168 REGS: [(X0 = 0)(X1 = 0)(X2 = 1023)(X3 = 8)(X4 = 0)(X5 = 7)(X6 = 6)(X7 = 119)(X8 = -33)(X9 = 0)(X10 = 0)(X11 = 0)(X12 = 0)(X13 = 0)(X14 = 0)] ST ['x8', 'x7']
  DEBUG   vm:simulation    TICK 173 REGS: [(X0 = 0)(X1 = 0)(X2 = 1023)(X3 = 9)(X4 = 0)(X5 = 7)(X6 = 6)(X7 = 119)(X8 = -33)(X9 = 0)(X10 = 0)(X11 = 0)(X12 = 0)(X13 = 0)(X14 = 0)] INC ['x5']
  DEBUG   vm:simulation    TICK 176 REGS: [(X0 = 0)(X1 = 0)(X2 = 1023)(X3 = 10)(X4 = 0)(X5 = 8)(X6 = 6)(X7 = 119)(X8 = -33)(X9 = 0)(X10 = 0)(X11 = 0)(X12 = 0)(X13 = 0)(X14 = 0)] DEC ['x6']
  DEBUG   vm:simulation    TICK 179 REGS: [(X0 = 0)(X1 = 0)(X2 = 1023)(X3 = 11)(X4 = 0)(X5 = 8)(X6 = 5)(X7 = 119)(X8 = -33)(X9 = 0)(X10 = 0)(X11 = 0)(X12 = 0)(X13 = 0)(X14 = 0)] JUMP ['5']
  DEBUG   vm:simulation    TICK 181 REGS: [(X0 = 0)(X1 = 0)(X2 = 1023)(X3 = 5)(X4 = 0)(X5 = 8)(X6 = 5)(X7 = 119)(X8 = -33)(X9 = 0)(X10 = 0)(X11 = 0)(X12 = 0)(X13 = 0)(X14 = 0)] CMP ['x4', 'x6']
  DEBUG   vm:simulation    TICK 184 REGS: [(X0 = 0)(X1 = 0)(X2 = 1023)(X3 = 6)(X4 = 0)(X5 = 8)(X6 = 5)(X7 = 119)(X8 = -33)(X9 = 0)(X10 = 0)(X11 = 0)(X12 = 0)(X13 = 0)(X14 = 0)] JE ['12']
  DEBUG   vm:simulation    TICK 186 REGS: [(X0 = 0)(X1 = 0)(X2 = 1023)(X3 = 7)(X4 = 0)(X5 = 8)(X6 = 5)(X7 = 119)(X8 = -33)(X9 = 0)(X10 = 0)(X11 = 0)(X12 = 0)(X13 = 0)(X14 = 0)] LD ['x7', 'x5']
  DEBUG   vm:simulation    TICK 191 REGS: [(X0 = 0)(X1 = 0)(X2 = 1023)(X3 = 8)(X4 = 0)(X5 = 8)(X6 = 5)(X7 = 111)(X8 = -33)(X9 = 0)(X10 = 0)(X11 = 0)(X12 = 0)(X13 = 0)(X14 = 0)] ST ['x8', 'x7']
  DEBUG   vm:simulation    TICK 196 REGS: [(X0 = 0)(X1 = 0)(X2 = 1023)(X3 = 9)(X4 = 0)(X5 = 8)(X6 = 5)(X7 = 111)(X8 = -33)(X9 = 0)(X10 = 0)(X11 = 0)(X12 = 0)(X13 = 0)(X14 = 0)] INC ['x5']
  DEBUG   vm:simulation    TICK 199 REGS: [(X0 = 0)(X1 = 0)(X2 = 1023)(X3 = 10)(X4 = 0)(X5 = 9)(X6 = 5)(X7 = 111)(X8 = -33)(X9 = 0)(X10 = 0)(X11 = 0)(X12 = 0)(X13 = 0)(X14 = 0)] DEC ['x6']
  DEBUG   vm:simulation    TICK 202 REGS: [(X0 = 0)(X1 = 0)(X2 = 1023)(X3 = 11)(X4 = 0)(X5 = 9)(X6 = 4)(X7 = 111)(X8 = -33)(X9 = 0)(X10 = 0)(X11 = 0)(X12 = 0)(X13 = 0)(X14 = 0)] JUMP ['5']
  DEBUG   vm:simulation    TICK 204 REGS: [(X0 = 0)(X1 = 0)(X2 = 1023)(X3 = 5)(X4 = 0)(X5 = 9)(X6 = 4)(X7 = 111)(X8 = -33)(X9 = 0)(X10 = 0)(X11 = 0)(X12 = 0)(X13 = 0)(X14 = 0)] CMP ['x4', 'x6']
  DEBUG   vm:simulation    TICK 207 REGS: [(X0 = 0)(X1 = 0)(X2 = 1023)(X3 = 6)(X4 = 0)(X5 = 9)(X6 = 4)(X7 = 111)(X8 = -33)(X9 = 0)(X10 = 0)(X11 = 0)(X12 = 0)(X13 = 0)(X14 = 0)] JE ['12']
  DEBUG   vm:simulation    TICK 209 REGS: [(X0 = 0)(X1 = 0)(X2 = 1023)(X3 = 7)(X4 = 0)(X5 = 9)(X6 = 4)(X7 = 111)(X8 = -33)(X9 = 0)(X10 = 0)(X11 = 0)(X12 = 0)(X13 = 0)(X14 = 0)] LD ['x7', 'x5']
  DEBUG   vm:simulation    TICK 214 REGS: [(X0 = 0)(X1 = 0)(X2 = 1023)(X3 = 8)(X4 = 0)(X5 = 9)(X6 = 4)(X7 = 114)(X8 = -33)(X9 = 0)(X10 = 0)(X11 = 0)(X12 = 0)(X13 = 0)(X14 = 0)] ST ['x8', 'x7']
  DEBUG   vm:simulation    TICK 219 REGS: [(X0 = 0)(X1 = 0)(X2 = 1023)(X3 = 9)(X4 = 0)(X5 = 9)(X6 = 4)(X7 = 114)(X8 = -33)(X9 = 0)(X10 = 0)(X11 = 0)(X12 = 0)(X13 = 0)(X14 = 0)] INC ['x5']
  DEBUG   vm:simulation    TICK 222 REGS: [(X0 = 0)(X1 = 0)(X2 = 1023)(X3 = 10)(X4 = 0)(X5 = 10)(X6 = 4)(X7 = 114)(X8 = -33)(X9 = 0)(X10 = 0)(X11 = 0)(X12 = 0)(X13 = 0)(X14 = 0)] DEC ['x6']
  DEBUG   vm:simulation    TICK 225 REGS: [(X0 = 0)(X1 = 0)(X2 = 1023)(X3 = 11)(X4 = 0)(X5 = 10)(X6 = 3)(X7 = 114)(X8 = -33)(X9 = 0)(X10 = 0)(X11 = 0)(X12 = 0)(X13 = 0)(X14 = 0)] JUMP ['5']
  DEBUG   vm:simulation    TICK 227 REGS: [(X0 = 0)(X1 = 0)(X2 = 1023)(X3 = 5)(X4 = 0)(X5 = 10)(X6 = 3)(X7 = 114)(X8 = -33)(X9 = 0)(X10 = 0)(X11 = 0)(X12 = 0)(X13 = 0)(X14 = 0)] CMP ['x4', 'x6']
  DEBUG   vm:simulation    TICK 230 REGS: [(X0 = 0)(X1 = 0)(X2 = 1023)(X3 = 6)(X4 = 0)(X5 = 10)(X6 = 3)(X7 = 114)(X8 = -33)(X9 = 0)(X10 = 0)(X11 = 0)(X12 = 0)(X13 = 0)(X14 = 0)] JE ['12']
  DEBUG   vm:simulation    TICK 232 REGS: [(X0 = 0)(X1 = 0)(X2 = 1023)(X3 = 7)(X4 = 0)(X5 = 10)(X6 = 3)(X7 = 114)(X8 = -33)(X9 = 0)(X10 = 0)(X11 = 0)(X12 = 0)(X13 = 0)(X14 = 0)] LD ['x7', 'x5']
  DEBUG   vm:simulation    TICK 237 REGS: [(X0 = 0)(X1 = 0)(X2 = 1023)(X3 = 8)(X4 = 0)(X5 = 10)(X6 = 3)(X7 = 108)(X8 = -33)(X9 = 0)(X10 = 0)(X11 = 0)(X12 = 0)(X13 = 0)(X14 = 0)] ST ['x8', 'x7']
  DEBUG   vm:simulation    TICK 242 REGS: [(X0 = 0)(X1 = 0)(X2 = 1023)(X3 = 9)(X4 = 0)(X5 = 10)(X6 = 3)(X7 = 108)(X8 = -33)(X9 = 0)(X10 = 0)(X11 = 0)(X12 = 0)(X13 = 0)(X14 = 0)] INC ['x5']
  DEBUG   vm:simulation    TICK 245 REGS: [(X0 = 0)(X1 = 0)(X2 = 1023)(X3 = 10)(X4 = 0)(X5 = 11)(X6 = 3)(X7 = 108)(X8 = -33)(X9 = 0)(X10 = 0)(X11 = 0)(X12 = 0)(X13 = 0)(X14 = 0)] DEC ['x6']
  DEBUG   vm:simulation    TICK 248 REGS: [(X0 = 0)(X1 = 0)(X2 = 1023)(X3 = 11)(X4 = 0)(X5 = 11)(X6 = 2)(X7 = 108)(X8 = -33)(X9 = 0)(X10 = 0)(X11 = 0)(X12 = 0)(X13 = 0)(X14 = 0)] JUMP ['5']
  DEBUG   vm:simulation    TICK 250 REGS: [(X0 = 0)(X1 = 0)(X2 = 1023)(X3 = 5)(X4 = 0)(X5 = 11)(X6 = 2)(X7 = 108)(X8 = -33)(X9 = 0)(X10 = 0)(X11 = 0)(X12 = 0)(X13 = 0)(X14 = 0)] CMP ['x4', 'x6']
  DEBUG   vm:simulation    TICK 253 REGS: [(X0 = 0)(X1 = 0)(X2 = 1023)(X3 = 6)(X4 = 0)(X5 = 11)(X6 = 2)(X7 = 108)(X8 = -33)(X9 = 0)(X10 = 0)(X11 = 0)(X12 = 0)(X13 = 0)(X14 = 0)] JE ['12']
  DEBUG   vm:simulation    TICK 255 REGS: [(X0 = 0)(X1 = 0)(X2 = 1023)(X3 = 7)(X4 = 0)(X5 = 11)(X6 = 2)(X7 = 108)(X8 = -33)(X9 = 0)(X10 = 0)(X11 = 0)(X12 = 0)(X13 = 0)(X14 = 0)] LD ['x7', 'x5']
  DEBUG   vm:simulation    TICK 260 REGS: [(X0 = 0)(X1 = 0)(X2 = 1023)(X3 = 8)(X4 = 0)(X5 = 11)(X6 = 2)(X7 = 100)(X8 = -33)(X9 = 0)(X10 = 0)(X11 = 0)(X12 = 0)(X13 = 0)(X14 = 0)] ST ['x8', 'x7']
  DEBUG   vm:simulation    TICK 265 REGS: [(X0 = 0)(X1 = 0)(X2 = 1023)(X3 = 9)(X4 = 0)(X5 = 11)(X6 = 2)(X7 = 100)(X8 = -33)(X9 = 0)(X10 = 0)(X11 = 0)(X12 = 0)(X13 = 0)(X14 = 0)] INC ['x5']
  DEBUG   vm:simulation    TICK 268 REGS: [(X0 = 0)(X1 = 0)(X2 = 1023)(X3 = 10)(X4 = 0)(X5 = 12)(X6 = 2)(X7 = 100)(X8 = -33)(X9 = 0)(X10 = 0)(X11 = 0)(X12 = 0)(X13 = 0)(X14 = 0)] DEC ['x6']
  DEBUG   vm:simulation    TICK 271 REGS: [(X0 = 0)(X1 = 0)(X2 = 1023)(X3 = 11)(X4 = 0)(X5 = 12)(X6 = 1)(X7 = 100)(X8 = -33)(X9 = 0)(X10 = 0)(X11 = 0)(X12 = 0)(X13 = 0)(X14 = 0)] JUMP ['5']
  DEBUG   vm:simulation    TICK 273 REGS: [(X0 = 0)(X1 = 0)(X2 = 1023)(X3 = 5)(X4 = 0)(X5 = 12)(X6 = 1)(X7 = 100)(X8 = -33)(X9 = 0)(X10 = 0)(X11 = 0)(X12 = 0)(X13 = 0)(X14 = 0)] CMP ['x4', 'x6']
  DEBUG   vm:simulation    TICK 276 REGS: [(X0 = 0)(X1 = 0)(X2 = 1023)(X3 = 6)(X4 = 0)(X5 = 12)(X6 = 1)(X7 = 100)(X8 = -33)(X9 = 0)(X10 = 0)(X11 = 0)(X12 = 0)(X13 = 0)(X14 = 0)] JE ['12']
  DEBUG   vm:simulation    TICK 278 REGS: [(X0 = 0)(X1 = 0)(X2 = 1023)(X3 = 7)(X4 = 0)(X5 = 12)(X6 = 1)(X7 = 100)(X8 = -33)(X9 = 0)(X10 = 0)(X11 = 0)(X12 = 0)(X13 = 0)(X14 = 0)] LD ['x7', 'x5']
  DEBUG   vm:simulation    TICK 283 REGS: [(X0 = 0)(X1 = 0)(X2 = 1023)(X3 = 8)(X4 = 0)(X5 = 12)(X6 = 1)(X7 = 33)(X8 = -33)(X9 = 0)(X10 = 0)(X11 = 0)(X12 = 0)(X13 = 0)(X14 = 0)] ST ['x8', 'x7']
  DEBUG   vm:simulation    TICK 288 REGS: [(X0 = 0)(X1 = 0)(X2 = 1023)(X3 = 9)(X4 = 0)(X5 = 12)(X6 = 1)(X7 = 33)(X8 = -33)(X9 = 0)(X10 = 0)(X11 = 0)(X12 = 0)(X13 = 0)(X14 = 0)] INC ['x5']
  DEBUG   vm:simulation    TICK 291 REGS: [(X0 = 0)(X1 = 0)(X2 = 1023)(X3 = 10)(X4 = 0)(X5 = 13)(X6 = 1)(X7 = 33)(X8 = -33)(X9 = 0)(X10 = 0)(X11 = 0)(X12 = 0)(X13 = 0)(X14 = 0)] DEC ['x6']
  DEBUG   vm:simulation    TICK 294 REGS: [(X0 = 0)(X1 = 0)(X2 = 1023)(X3 = 11)(X4 = 0)(X5 = 13)(X6 = 0)(X7 = 33)(X8 = -33)(X9 = 0)(X10 = 0)(X11 = 0)(X12 = 0)(X13 = 0)(X14 = 0)] JUMP ['5']
  DEBUG   vm:simulation    TICK 296 REGS: [(X0 = 0)(X1 = 0)(X2 = 1023)(X3 = 5)(X4 = 0)(X5 = 13)(X6 = 0)(X7 = 33)(X8 = -33)(X9 = 0)(X10 = 0)(X11 = 0)(X12 = 0)(X13 = 0)(X14 = 0)] CMP ['x4', 'x6']
  DEBUG   vm:simulation    TICK 299 REGS: [(X0 = 0)(X1 = 0)(X2 = 1023)(X3 = 6)(X4 = 0)(X5 = 13)(X6 = 0)(X7 = 33)(X8 = -33)(X9 = 0)(X10 = 0)(X11 = 0)(X12 = 0)(X13 = 0)(X14 = 0)] JE ['12']
  DEBUG   vm:simulation    TICK 301 REGS: [(X0 = 0)(X1 = 0)(X2 = 1023)(X3 = 12)(X4 = 0)(X5 = 13)(X6 = 0)(X7 = 33)(X8 = -33)(X9 = 0)(X10 = 0)(X11 = 0)(X12 = 0)(X13 = 0)(X14 = 0)] HLT []