source_code: |-
  section .data
      question_str: "\n - Say my name \n"
      hello_str: "\n - You God damn right "
  section .code
  .start:
      mov x4, 0
  # In
      mov x5, 0xFFFFFFFF
  # Out
      mov x6, 0xFFFFFFDF
      mov x7, question_str
      ld x8, [x7]
      inc x7
      mov x10, x2
  .loop:
      cmp x4, x8
      je .read_name
      ld x9, [x7]
      st [x6], x9
      inc x7
      dec x8
      jmp .loop
  .read_name:
      ld x7, [x5]
      cmp x7, x4
      je .print_name
      st [x2], x7
      dec x2
      jmp .read_name
  .print_name:
      mov x2, x10
  .loop_print_name:
      ld x7, [x2]
      cmp x7, x4
      je .print_answer
      dec x2
      st [x6], x7
      jmp .loop_print_name
  .print_answer:
      mov x7, hello_str
      ld x8, [x7] 
      inc x7
  .loop1:
      cmp x4, x8
      je .exit
      ld x9, [x7]
      st [x6], x9
      inc x7
      dec x8
      jmp .loop1
  .exit:
      mov x2, x10
      hlt

stdin: |
  - Heisenberg
stdout: |-
  =====
  MMIO on -33 : '
  - Say my name 

    - Heisenberg
  - You God damn right '

out_code_readable: |-
  {
      "data_mem": {
          "0": 19,
          "1": 10,
          "2": 32,
          "3": 45,
          "4": 32,
          "5": 83,
          "6": 97,
          "7": 121,
          "8": 32,
          "9": 109,
          "10": 121,
          "11": 32,
          "12": 110,
          "13": 97,
          "14": 109,
          "15": 101,
          "16": 32,
          "17": 10,
          "18": 24,
          "19": 10,
          "20": 32,
          "21": 45,
          "22": 32,
          "23": 89,
          "24": 111,
          "25": 117,
          "26": 32,
          "27": 71,
          "28": 111,
          "29": 100,
          "30": 32,
          "31": 100,
          "32": 97,
          "33": 109,
          "34": 110,
          "35": 32,
          "36": 114,
          "37": 105,
          "38": 103,
          "39": 104,
          "40": 116,
          "41": 32
      },
      "start": 0,
      "code_mem": {
          "0": {
              "opcode": "mov",
              "args": [
                  "x4",
                  "0"
              ]
          },
          "1": {
              "opcode": "mov",
              "args": [
                  "x5",
                  "0xFFFFFFFF"
              ]
          },
          "2": {
              "opcode": "mov",
              "args": [
                  "x6",
                  "0xFFFFFFDF"
              ]
          },
          "3": {
              "opcode": "mov",
              "args": [
                  "x7",
                  "0"
              ]
          },
          "4": {
              "opcode": "ld",
              "args": [
                  "x8",
                  "x7"
              ]
          },
          "5": {
              "opcode": "inc",
              "args": [
                  "x7"
              ]
          },
          "6": {
              "opcode": "mov",
              "args": [
                  "x10",
                  "x2"
              ]
          },
          "7": {
              "opcode": "cmp",
              "args": [
                  "x4",
                  "x8"
              ]
          },
          "8": {
              "opcode": "je",
              "args": [
                  "14"
              ]
          },
          "9": {
              "opcode": "ld",
              "args": [
                  "x9",
                  "x7"
              ]
          },
          "10": {
              "opcode": "st",
              "args": [
                  "x6",
                  "x9"
              ]
          },
          "11": {
              "opcode": "inc",
              "args": [
                  "x7"
              ]
          },
          "12": {
              "opcode": "dec",
              "args": [
                  "x8"
              ]
          },
          "13": {
              "opcode": "jmp",
              "args": [
                  "7"
              ]
          },
          "14": {
              "opcode": "ld",
              "args": [
                  "x7",
                  "x5"
              ]
          },
          "15": {
              "opcode": "cmp",
              "args": [
                  "x7",
                  "x4"
              ]
          },
          "16": {
              "opcode": "je",
              "args": [
                  "20"
              ]
          },
          "17": {
              "opcode": "st",
              "args": [
                  "x2",
                  "x7"
              ]
          },
          "18": {
              "opcode": "dec",
              "args": [
                  "x2"
              ]
          },
          "19": {
              "opcode": "jmp",
              "args": [
                  "14"
              ]
          },
          "20": {
              "opcode": "mov",
              "args": [
                  "x2",
                  "x10"
              ]
          },
          "21": {
              "opcode": "ld",
              "args": [
                  "x7",
                  "x2"
              ]
          },
          "22": {
              "opcode": "cmp",
              "args": [
                  "x7",
                  "x4"
              ]
          },
          "23": {
              "opcode": "je",
              "args": [
                  "27"
              ]
          },
          "24": {
              "opcode": "dec",
              "args": [
                  "x2"
              ]
          },
          "25": {
              "opcode": "st",
              "args": [
                  "x6",
                  "x7"
              ]
          },
          "26": {
              "opcode": "jmp",
              "args": [
                  "21"
              ]
          },
          "27": {
              "opcode": "mov",
              "args": [
                  "x7",
                  "18"
              ]
          },
          "28": {
              "opcode": "ld",
              "args": [
                  "x8",
                  "x7"
              ]
          },
          "29": {
              "opcode": "inc",
              "args": [
                  "x7"
              ]
          },
          "30": {
              "opcode": "cmp",
              "args": [
                  "x4",
                  "x8"
              ]
          },
          "31": {
              "opcode": "je",
              "args": [
                  "37"
              ]
          },
          "32": {
              "opcode": "ld",
              "args": [
                  "x9",
                  "x7"
              ]
          },
          "33": {
              "opcode": "st",
              "args": [
                  "x6",
                  "x9"
              ]
          },
          "34": {
              "opcode": "inc",
              "args": [
                  "x7"
              ]
          },
          "35": {
              "opcode": "dec",
              "args": [
                  "x8"
              ]
          },
          "36": {
              "opcode": "jmp",
              "args": [
                  "30"
              ]
          },
          "37": {
              "opcode": "mov",
              "args": [
                  "x2",
                  "x10"
              ]
          },
          "38": {
              "opcode": "hlt",
              "args": []
          }
      }
  }

out_log: |-
  DEBUG   vm:simulation    TICK 0 REGS: [(X0 = 0)(X1 = 0)(X2 = 1023)(X3 = 0)(X4 = 0)(X5 = 0)(X6 = 0)(X7 = 0)(X8 = 0)(X9 = 0)(X10 = 0)(X11 = 0)(X12 = 0)(X13 = 0)(X14 = 0)] MOV ['x8', '0xFFFFFFDF']
  DEBUG   vm:simulation    TICK 4 REGS: [(X0 = 0)(X1 = 0)(X2 = 1023)(X3 = 1)(X4 = 0)(X5 = 0)(X6 = 0)(X7 = 0)(X8 = -33)(X9 = 0)(X10 = 0)(X11 = 0)(X12 = 0)(X13 = 0)(X14 = 0)] MOV ['x4', '0']
  DEBUG   vm:simulation    TICK 8 REGS: [(X0 = 0)(X1 = 0)(X2 = 1023)(X3 = 2)(X4 = 0)(X5 = 0)(X6 = 0)(X7 = 0)(X8 = -33)(X9 = 0)(X10 = 0)(X11 = 0)(X12 = 0)(X13 = 0)(X14 = 0)] MOV ['x5', '0']
  DEBUG   vm:simulation    TICK 12 REGS: [(X0 = 0)(X1 = 0)(X2 = 1023)(X3 = 3)(X4 = 0)(X5 = 0)(X6 = 0)(X7 = 0)(X8 = -33)(X9 = 0)(X10 = 0)(X11 = 0)(X12 = 0)(X13 = 0)(X14 = 0)] LD ['x6', 'x5']
  DEBUG   vm:simulation    TICK 17 REGS: [(X0 = 0)(X1 = 0)(X2 = 1023)(X3 = 4)(X4 = 0)(X5 = 0)(X6 = 12)(X7 = 0)(X8 = -33)(X9 = 0)(X10 = 0)(X11 = 0)(X12 = 0)(X13 = 0)(X14 = 0)] INC ['x5']
  DEBUG   vm:simulation    TICK 20 REGS: [(X0 = 0)(X1 = 0)(X2 = 1023)(X3 = 5)(X4 = 0)(X5 = 1)(X6 = 12)(X7 = 0)(X8 = -33)(X9 = 0)(X10 = 0)(X11 = 0)(X12 = 0)(X13 = 0)(X14 = 0)] CMP ['x4', 'x6']
  DEBUG   vm:simulation    TICK 23 REGS: [(X0 = 0)(X1 = 0)(X2 = 1023)(X3 = 6)(X4 = 0)(X5 = 1)(X6 = 12)(X7 = 0)(X8 = -33)(X9 = 0)(X10 = 0)(X11 = 0)(X12 = 0)(X13 = 0)(X14 = 0)] JE ['12']
  DEBUG   vm:simulation    TICK 25 REGS: [(X0 = 0)(X1 = 0)(X2 = 1023)(X3 = 7)(X4 = 0)(X5 = 1)(X6 = 12)(X7 = 0)(X8 = -33)(X9 = 0)(X10 = 0)(X11 = 0)(X12 = 0)(X13 = 0)(X14 = 0)] LD ['x7', 'x5']
  DEBUG   vm:simulation    TICK 30 REGS: [(X0 = 0)(X1 = 0)(X2 = 1023)(X3 = 8)(X4 = 0)(X5 = 1)(X6 = 12)(X7 = 72)(X8 = -33)(X9 = 0)(X10 = 0)(X11 = 0)(X12 = 0)(X13 = 0)(X14 = 0)] ST ['x8', 'x7']
  DEBUG   vm:simulation    TICK 35 REGS: [(X0 = 0)(X1 = 0)(X2 = 1023)(X3 = 9)(X4 = 0)(X5 = 1)(X6 = 12)(X7 = 72)(X8 = -33)(X9 = 0)(X10 = 0)(X11 = 0)(X12 = 0)(X13 = 0)(X14 = 0)] INC ['x5']
  DEBUG   vm:simulation    TICK 38 REGS: [(X0 = 0)(X1 = 0)(X2 = 1023)(X3 = 10)(X4 = 0)(X5 = 2)(X6 = 12)(X7 = 72)(X8 = -33)(X9 = 0)(X10 = 0)(X11 = 0)(X12 = 0)(X13 = 0)(X14 = 0)] DEC ['x6']
  DEBUG   vm:simulation    TICK 41 REGS: [(X0 = 0)(X1 = 0)(X2 = 1023)(X3 = 11)(X4 = 0)(X5 = 2)(X6 = 11)(X7 = 72)(X8 = -33)(X9 = 0)(X10 = 0)(X11 = 0)(X12 = 0)(X13 = 0)(X14 = 0)] JUMP ['5']
  DEBUG   vm:simulation    TICK 43 REGS: [(X0 = 0)(X1 = 0)(X2 = 1023)(X3 = 5)(X4 = 0)(X5 = 2)(X6 = 11)(X7 = 72)(X8 = -33)(X9 = 0)(X10 = 0)(X11 = 0)(X12 = 0)(X13 = 0)(X14 = 0)] CMP ['x4', 'x6']
  DEBUG   vm:simulation    TICK 46 REGS: [(X0 = 0)(X1 = 0)(X2 = 1023)(X3 = 6)(X4 = 0)(X5 = 2)(X6 = 11)(X7 = 72)(X8 = -33)(X9 = 0)(X10 = 0)(X11 = 0)(X12 = 0)(X13 = 0)(X14 = 0)] JE ['12']
  DEBUG   vm:simulation    TICK 48 REGS: [(X0 = 0)(X1 = 0)(X2 = 1023)(X3 = 7)(X4 = 0)(X5 = 2)(X6 = 11)(X7 = 72)(X8 = -33)(X9 = 0)(X10 = 0)(X11 = 0)(X12 = 0)(X13 = 0)(X14 = 0)] LD ['x7', 'x5']
  DEBUG   vm:simulation    TICK 53 REGS: [(X0 = 0)(X1 = 0)(X2 = 1023)(X3 = 8)(X4 = 0)(X5 = 2)(X6 = 11)(X7 = 101)(X8 = -33)(X9 = 0)(X10 = 0)(X11 = 0)(X12 = 0)(X13 = 0)(X14 = 0)] ST ['x8', 'x7']
  DEBUG   vm:simulation    TICK 58 REGS: [(X0 = 0)(X1 = 0)(X2 = 1023)(X3 = 9)(X4 = 0)(X5 = 2)(X6 = 11)(X7 = 101)(X8 = -33)(X9 = 0)(X10 = 0)(X11 = 0)(X12 = 0)(X13 = 0)(X14 = 0)] INC ['x5']
  DEBUG   vm:simulation    TICK 61 REGS: [(X0 = 0)(X1 = 0)(X2 = 1023)(X3 = 10)(X4 = 0)(X5 = 3)(X6 = 11)(X7 = 101)(X8 = -33)(X9 = 0)(X10 = 0)(X11 = 0)(X12 = 0)(X13 = 0)(X14 = 0)] DEC ['x6']
  DEBUG   vm:simulation    TICK 64 REGS: [(X0 = 0)(X1 = 0)(X2 = 1023)(X3 = 11)(X4 = 0)(X5 = 3)(X6 = 10)(X7 = 101)(X8 = -33)(X9 = 0)(X10 = 0)(X11 = 0)(X12 = 0)(X13 = 0)(X14 = 0)] JUMP ['5']
  DEBUG   vm:simulation    TICK 66 REGS: [(X0 = 0)(X1 = 0)(X2 = 1023)(X3 = 5)(X4 = 0)(X5 = 3)(X6 = 10)(X7 = 101)(X8 = -33)(X9 = 0)(X10 = 0)(X11 = 0)(X12 = 0)(X13 = 0)(X14 = 0)] CMP ['x4', 'x6']
  DEBUG   vm:simulation    TICK 69 REGS: [(X0 = 0)(X1 = 0)(X2 = 1023)(X3 = 6)(X4 = 0)(X5 = 3)(X6 = 10)(X7 = 101)(X8 = -33)(X9 = 0)(X10 = 0)(X11 = 0)(X12 = 0)(X13 = 0)(X14 = 0)] JE ['12']
  DEBUG   vm:simulation    TICK 71 REGS: [(X0 = 0)(X1 = 0)(X2 = 1023)(X3 = 7)(X4 = 0)(X5 = 3)(X6 = 10)(X7 = 101)(X8 = -33)(X9 = 0)(X10 = 0)(X11 = 0)(X12 = 0)(X13 = 0)(X14 = 0)] LD ['x7', 'x5']
  DEBUG   vm:simulation    TICK 76 REGS: [(X0 = 0)(X1 = 0)(X2 = 1023)(X3 = 8)(X4 = 0)(X5 = 3)(X6 = 10)(X7 = 108)(X8 = -33)(X9 = 0)(X10 = 0)(X11 = 0)(X12 = 0)(X13 = 0)(X14 = 0)] ST ['x8', 'x7']
  DEBUG   vm:simulation    TICK 81 REGS: [(X0 = 0)(X1 = 0)(X2 = 1023)(X3 = 9)(X4 = 0)(X5 = 3)(X6 = 10)(X7 = 108)(X8 = -33)(X9 = 0)(X10 = 0)(X11 = 0)(X12 = 0)(X13 = 0)(X14 = 0)] INC ['x5']
  DEBUG   vm:simulation    TICK 84 REGS: [(X0 = 0)(X1 = 0)(X2 = 1023)(X3 = 10)(X4 = 0)(X5 = 4)(X6 = 10)(X7 = 108)(X8 = -33)(X9 = 0)(X10 = 0)(X11 = 0)(X12 = 0)(X13 = 0)(X14 = 0)] DEC ['x6']
  DEBUG   vm:simulation    TICK 87 REGS: [(X0 = 0)(X1 = 0)(X2 = 1023)(X3 = 11)(X4 = 0)(X5 = 4)(X6 = 9)(X7 = 108)(X8 = -33)(X9 = 0)(X10 = 0)(X11 = 0)(X12 = 0)(X13 = 0)(X14 = 0)] JUMP ['5']
  DEBUG   vm:simulation    TICK 89 REGS: [(X0 = 0)(X1 = 0)(X2 = 1023)(X3 = 5)(X4 = 0)(X5 = 4)(X6 = 9)(X7 = 108)(X8 = -33)(X9 = 0)(X10 = 0)(X11 = 0)(X12 = 0)(X13 = 0)(X14 = 0)] CMP ['x4', 'x6']
  DEBUG   vm:simulation    TICK 92 REGS: [(X0 = 0)(X1 = 0)(X2 = 1023)(X3 = 6)(X4 = 0)(X5 = 4)(X6 = 9)(X7 = 108)(X8 = -33)(X9 = 0)(X10 = 0)(X11 = 0)(X12 = 0)(X13 = 0)(X14 = 0)] JE ['12']
  DEBUG   vm:simulation    TICK 94 REGS: [(X0 = 0)(X1 = 0)(X2 = 1023)(X3 = 7)(X4 = 0)(X5 = 4)(X6 = 9)(X7 = 108)(X8 = -33)(X9 = 0)(X10 = 0)(X11 = 0)(X12 = 0)(X13 = 0)(X14 = 0)] LD ['x7', 'x5']
  DEBUG   vm:simulation    TICK 99 REGS: [(X0 = 0)(X1 = 0)(X2 = 1023)(X3 = 8)(X4 = 0)(X5 = 4)(X6 = 9)(X7 = 108)(X8 = -33)(X9 = 0)(X10 = 0)(X11 = 0)(X12 = 0)(X13 = 0)(X14 = 0)] ST ['x8', 'x7']
  DEBUG   vm:simulation    TICK 104 REGS: [(X0 = 0)(X1 = 0)(X2 = 1023)(X3 = 9)(X4 = 0)(X5 = 4)(X6 = 9)(X7 = 108)(X8 = -33)(X9 = 0)(X10 = 0)(X11 = 0)(X12 = 0)(X13 = 0)(X14 = 0)] INC ['x5']
  DEBUG   vm:simulation    TICK 107 REGS: [(X0 = 0)(X1 = 0)(X2 = 1023)(X3 = 10)(X4 = 0)(X5 = 5)(X6 = 9)(X7 = 108)(X8 = -33)(X9 = 0)(X10 = 0)(X11 = 0)(X12 = 0)(X13 = 0)(X14 = 0)] DEC ['x6']
  DEBUG   vm:simulation    TICK 110 REGS: [(X0 = 0)(X1 = 0)(X2 = 1023)(X3 = 11)(X4 = 0)(X5 = 5)(X6 = 8)(X7 = 108)(X8 = -33)(X9 = 0)(X10 = 0)(X11 = 0)(X12 = 0)(X13 = 0)(X14 = 0)] JUMP ['5']
  DEBUG   vm:simulation    TICK 112 REGS: [(X0 = 0)(X1 = 0)(X2 = 1023)(X3 = 5)(X4 = 0)(X5 = 5)(X6 = 8)(X7 = 108)(X8 = -33)(X9 = 0)(X10 = 0)(X11 = 0)(X12 = 0)(X13 = 0)(X14 = 0)] CMP ['x4', 'x6']
  DEBUG   vm:simulation    TICK 115 REGS: [(X0 = 0)(X1 = 0)(X2 = 1023)(X3 = 6)(X4 = 0)(X5 = 5)(X6 = 8)(X7 = 108)(X8 = -33)(X9 = 0)(X10 = 0)(X11 = 0)(X12 = 0)(X13 = 0)(X14 = 0)] JE ['12']
  DEBUG   vm:simulation    TICK 117 REGS: [(X0 = 0)(X1 = 0)(X2 = 1023)(X3 = 7)(X4 = 0)(X5 = 5)(X6 = 8)(X7 = 108)(X8 = -33)(X9 = 0)(X10 = 0)(X11 = 0)(X12 = 0)(X13 = 0)(X14 = 0)] LD ['x7', 'x5']
  DEBUG   vm:simulation    TICK 122 REGS: [(X0 = 0)(X1 = 0)(X2 = 1023)(X3 = 8)(X4 = 0)(X5 = 5)(X6 = 8)(X7 = 111)(X8 = -33)(X9 = 0)(X10 = 0)(X11 = 0)(X12 = 0)(X13 = 0)(X14 = 0)] ST ['x8', 'x7']
  DEBUG   vm:simulation    TICK 127 REGS: [(X0 = 0)(X1 = 0)(X2 = 1023)(X3 = 9)(X4 = 0)(X5 = 5)(X6 = 8)(X7 = 111)(X8 = -33)(X9 = 0)(X10 = 0)(X11 = 0)(X12 = 0)(X13 = 0)(X14 = 0)] INC ['x5']
  DEBUG   vm:simulation    TICK 130 REGS: [(X0 = 0)(X1 = 0)(X2 = 1023)(X3 = 10)(X4 = 0)(X5 = 6)(X6 = 8)(X7 = 111)(X8 = -33)(X9 = 0)(X10 = 0)(X11 = 0)(X12 = 0)(X13 = 0)(X14 = 0)] DEC ['x6']
  DEBUG   vm:simulation    TICK 133 REGS: [(X0 = 0)(X1 = 0)(X2 = 1023)(X3 = 11)(X4 = 0)(X5 = 6)(X6 = 7)(X7 = 111)(X8 = -33)(X9 = 0)(X10 = 0)(X11 = 0)(X12 = 0)(X13 = 0)(X14 = 0)] JUMP ['5']
  DEBUG   vm:simulation    TICK 135 REGS: [(X0 = 0)(X1 = 0)(X2 = 1023)(X3 = 5)(X4 = 0)(X5 = 6)(X6 = 7)(X7 = 111)(X8 = -33)(X9 = 0)(X10 = 0)(X11 = 0)(X12 = 0)(X13 = 0)(X14 = 0)] CMP ['x4', 'x6']
  DEBUG   vm:simulation    TICK 138 REGS: [(X0 = 0)(X1 = 0)(X2 = 1023)(X3 = 6)(X4 = 0)(X5 = 6)(X6 = 7)(X7 = 111)(X8 = -33)(X9 = 0)(X10 = 0)(X11 = 0)(X12 = 0)(X13 = 0)(X14 = 0)] JE ['12']
  DEBUG   vm:simulation    TICK 140 REGS: [(X0 = 0)(X1 = 0)(X2 = 1023)(X3 = 7)(X4 = 0)(X5 = 6)(X6 = 7)(X7 = 111)(X8 = -33)(X9 = 0)(X10 = 0)(X11 = 0)(X12 = 0)(X13 = 0)(X14 = 0)] LD ['x7', 'x5']
  DEBUG   vm:simulation    TICK 145 REGS: [(X0 = 0)(X1 = 0)(X2 = 1023)(X3 = 8)(X4 = 0)(X5 = 6)(X6 = 7)(X7 = 32)(X8 = -33)(X9 = 0)(X10 = 0)(X11 = 0)(X12 = 0)(X13 = 0)(X14 = 0)] ST ['x8', 'x7']
  DEBUG   vm:simulation    TICK 150 REGS: [(X0 = 0)(X1 = 0)(X2 = 1023)(X3 = 9)(X4 = 0)(X5 = 6)(X6 = 7)(X7 = 32)(X8 = -33)(X9 = 0)(X10 = 0)(X11 = 0)(X12 = 0)(X13 = 0)(X14 = 0)] INC ['x5']
  DEBUG   vm:simulation    TICK 153 REGS: [(X0 = 0)(X1 = 0)(X2 = 1023)(X3 = 10)(X4 = 0)(X5 = 7)(X6 = 7)(X7 = 32)(X8 = -33)(X9 = 0)(X10 = 0)(X11 = 0)(X12 = 0)(X13 = 0)(X14 = 0)] DEC ['x6']
  DEBUG   vm:simulation    TICK 156 REGS: [(X0 = 0)(X1 = 0)(X2 = 1023)(X3 = 11)(X4 = 0)(X5 = 7)(X6 = 6)(X7 = 32)(X8 = -33)(X9 = 0)(X10 = 0)(X11 = 0)(X12 = 0)(X13 = 0)(X14 = 0)] JUMP ['5']
  DEBUG   vm:simulation    TICK 158 REGS: [(X0 = 0)(X1 = 0)(X2 = 1023)(X3 = 5)(X4 = 0)(X5 = 7)(X6 = 6)(X7 = 32)(X8 = -33)(X9 = 0)(X10 = 0)(X11 = 0)(X12 = 0)(X13 = 0)(X14 = 0)] CMP ['x4', 'x6']
  DEBUG   vm:simulation    TICK 161 REGS: [(X0 = 0)(X1 = 0)(X2 = 1023)(X3 = 6)(X4 = 0)(X5 = 7)(X6 = 6)(X7 = 32)(X8 = -33)(X9 = 0)(X10 = 0)(X11 = 0)(X12 = 0)(X13 = 0)(X14 = 0)] JE ['12']
  DEBUG   vm:simulation    TICK 163 REGS: [(X0 = 0)(X1 = 0)(X2 = 1023)(X3 = 7)(X4 = 0)(X5 = 7)(X6 = 6)(X7 = 32)(X8 = -33)(X9 = 0)(X10 = 0)(X11 = 0)(X12 = 0)(X13 = 0)(X14 = 0)] LD ['x7', 'x5']
  DEBUG   vm:simulation    TICK 168 REGS: [(X0 = 0)(X1 = 0)(X2 = 1023)(X3 = 8)(X4 = 0)(X5 = 7)(X6 = 6)(X7 = 119)(X8 = -33)(X9 = 0)(X10 = 0)(X11 = 0)(X12 = 0)(X13 = 0)(X14 = 0)] ST ['x8', 'x7']
  DEBUG   vm:simulation    TICK 173 REGS: [(X0 = 0)(X1 = 0)(X2 = 1023)(X3 = 9)(X4 = 0)(X5 = 7)(X6 = 6)(X7 = 119)(X8 = -33)(X9 = 0)(X10 = 0)(X11 = 0)(X12 = 0)(X13 = 0)(X14 = 0)] INC ['x5']
  DEBUG   vm:simulation    TICK 176 REGS: [(X0 = 0)(X1 = 0)(X2 = 1023)(X3 = 10)(X4 = 0)(X5 = 8)(X6 = 6)(X7 = 119)(X8 = -33)(X9 = 0)(X10 = 0)(X11 = 0)(X12 = 0)(X13 = 0)(X14 = 0)] DEC ['x6']
  DEBUG   vm:simulation    TICK 179 REGS: [(X0 = 0)(X1 = 0)(X2 = 1023)(X3 = 11)(X4 = 0)(X5 = 8)(X6 = 5)(X7 = 119)(X8 = -33)(X9 = 0)(X10 = 0)(X11 = 0)(X12 = 0)(X13 = 0)(X14 = 0)] JUMP ['5']
  DEBUG   vm:simulation    TICK 181 REGS: [(X0 = 0)(X1 = 0)(X2 = 1023)(X3 = 5)(X4 = 0)(X5 = 8)(X6 = 5)(X7 = 119)(X8 = -33)(X9 = 0)(X10 = 0)(X11 = 0)(X12 = 0)(X13 = 0)(X14 = 0)] CMP ['x4', 'x6']
  DEBUG   vm:simulation    TICK 184 REGS: [(X0 = 0)(X1 = 0)(X2 = 1023)(X3 = 6)(X4 = 0)(X5 = 8)(X6 = 5)(X7 = 119)(X8 = -33)(X9 = 0)(X10 = 0)(X11 = 0)(X12 = 0)(X13 = 0)(X14 = 0)] JE ['12']
  DEBUG   vm:simulation    TICK 186 REGS: [(X0 = 0)(X1 = 0)(X2 = 1023)(X3 = 7)(X4 = 0)(X5 = 8)(X6 = 5)(X7 = 119)(X8 = -33)(X9 = 0)(X10 = 0)(X11 = 0)(X12 = 0)(X13 = 0)(X14 = 0)] LD ['x7', 'x5']
  DEBUG   vm:simulation    TICK 191 REGS: [(X0 = 0)(X1 = 0)(X2 = 1023)(X3 = 8)(X4 = 0)(X5 = 8)(X6 = 5)(X7 = 111)(X8 = -33)(X9 = 0)(X10 = 0)(X11 = 0)(X12 = 0)(X13 = 0)(X14 = 0)] ST ['x8', 'x7']
  DEBUG   vm:simulation    TICK 196 REGS: [(X0 = 0)(X1 = 0)(X2 = 1023)(X3 = 9)(X4 = 0)(X5 = 8)(X6 = 5)(X7 = 111)(X8 = -33)(X9 = 0)(X10 = 0)(X11 = 0)(X12 = 0)(X13 = 0)(X14 = 0)] INC ['x5']
  DEBUG   vm:simulation    TICK 199 REGS: [(X0 = 0)(X1 = 0)(X2 = 1023)(X3 = 10)(X4 = 0)(X5 = 9)(X6 = 5)(X7 = 111)(X8 = -33)(X9 = 0)(X10 = 0)(X11 = 0)(X12 = 0)(X13 = 0)(X14 = 0)] DEC ['x6']
  DEBUG   vm:simulation    TICK 202 REGS: [(X0 = 0)(X1 = 0)(X2 = 1023)(X3 = 11)(X4 = 0)(X5 = 9)(X6 = 4)(X7 = 111)(X8 = -33)(X9 = 0)(X10 = 0)(X11 = 0)(X12 = 0)(X13 = 0)(X14 = 0)] JUMP ['5']
  DEBUG   vm:simulation    TICK 204 REGS: [(X0 = 0)(X1 = 0)(X2 = 1023)(X3 = 5)(X4 = 0)(X5 = 9)(X6 = 4)(X7 = 111)(X8 = -33)(X9 = 0)(X10 = 0)(X11 = 0)(X12 = 0)(X13 = 0)(X14 = 0)] CMP ['x4', 'x6']
  DEBUG   vm:simulation    TICK 207 REGS: [(X0 = 0)(X1 = 0)(X2 = 1023)(X3 = 6)(X4 = 0)(X5 = 9)(X6 = 4)(X7 = 111)(X8 = -33)(X9 = 0)(X10 = 0)(X11 = 0)(X12 = 0)(X13 = 0)(X14 = 0)] JE ['12']
  DEBUG   vm:simulation    TICK 209 REGS: [(X0 = 0)(X1 = 0)(X2 = 1023)(X3 = 7)(X4 = 0)(X5 = 9)(X6 = 4)(X7 = 111)(X8 = -33)(X9 = 0)(X10 = 0)(X11 = 0)(X12 = 0)(X13 = 0)(X14 = 0)] LD ['x7', 'x5']
  DEBUG   vm:simulation    TICK 214 REGS: [(X0 = 0)(X1 = 0)(X2 = 1023)(X3 = 8)(X4 = 0)(X5 = 9)(X6 = 4)(X7 = 114)(X8 = -33)(X9 = 0)(X10 = 0)(X11 = 0)(X12 = 0)(X13 = 0)(X14 = 0)] ST ['x8', 'x7']
  DEBUG   vm:simulation    TICK 219 REGS: [(X0 = 0)(X1 = 0)(X2 = 1023)(X3 = 9)(X4 = 0)(X5 = 9)(X6 = 4)(X7 = 114)(X8 = -33)(X9 = 0)(X10 = 0)(X11 = 0)(X12 = 0)(X13 = 0)(X14 = 0)] INC ['x5']
  DEBUG   vm:simulation    TICK 222 REGS: [(X0 = 0)(X1 = 0)(X2 = 1023)(X3 = 10)(X4 = 0)(X5 = 10)(X6 = 4)(X7 = 114)(X8 = -33)(X9 = 0)(X10 = 0)(X11 = 0)(X12 = 0)(X13 = 0)(X14 = 0)] DEC ['x6']
  DEBUG   vm:simulation    TICK 225 REGS: [(X0 = 0)(X1 = 0)(X2 = 1023)(X3 = 11)(X4 = 0)(X5 = 10)(X6 = 3)(X7 = 114)(X8 = -33)(X9 = 0)(X10 = 0)(X11 = 0)(X12 = 0)(X13 = 0)(X14 = 0)] JUMP ['5']
  DEBUG   vm:simulation    TICK 227 REGS: [(X0 = 0)(X1 = 0)(X2 = 1023)(X3 = 5)(X4 = 0)(X5 = 10)(X6 = 3)(X7 = 114)(X8 = -33)(X9 = 0)(X10 = 0)(X11 = 0)(X12 = 0)(X13 = 0)(X14 = 0)] CMP ['x4', 'x6']
  DEBUG   vm:simulation    TICK 230 REGS: [(X0 = 0)(X1 = 0)(X2 = 1023)(X3 = 6)(X4 = 0)(X5 = 10)(X6 = 3)(X7 = 114)(X8 = -33)(X9 = 0)(X10 = 0)(X11 = 0)(X12 = 0)(X13 = 0)(X14 = 0)] JE ['12']
  DEBUG   vm:simulation    TICK 232 REGS: [(X0 = 0)(X1 = 0)(X2 = 1023)(X3 = 7)(X4 = 0)(X5 = 10)(X6 = 3)(X7 = 114)(X8 = -33)(X9 = 0)(X10 = 0)(X11 = 0)(X12 = 0)(X13 = 0)(X14 = 0)] LD ['x7', 'x5']
  DEBUG   vm:simulation    TICK 237 REGS: [(X0 = 0)(X1 = 0)(X2 = 1023)(X3 = 8)(X4 = 0)(X5 = 10)(X6 = 3)(X7 = 108)(X8 = -33)(X9 = 0)(X10 = 0)(X11 = 0)(X12 = 0)(X13 = 0)(X14 = 0)] ST ['x8', 'x7']
  DEBUG   vm:simulation    TICK 242 REGS: [(X0 = 0)(X1 = 0)(X2 = 1023)(X3 = 9)(X4 = 0)(X5 = 10)(X6 = 3)(X7 = 108)(X8 = -33)(X9 = 0)(X10 = 0)(X11 = 0)(X12 = 0)(X13 = 0)(X14 = 0)] INC ['x5']
  DEBUG   vm:simulation    TICK 245 REGS: [(X0 = 0)(X1 = 0)(X2 = 1023)(X3 = 10)(X4 = 0)(X5 = 11)(X6 = 3)(X7 = 108)(X8 = -33)(X9 = 0)(X10 = 0)(X11 = 0)(X12 = 0)(X13 = 0)(X14 = 0)] DEC ['x6']
  DEBUG   vm:simulation    TICK 248 REGS: [(X0 = 0)(X1 = 0)(X2 = 1023)(X3 = 11)(X4 = 0)(X5 = 11)(X6 = 2)(X7 = 108)(X8 = -33)(X9 = 0)(X10 = 0)(X11 = 0)(X12 = 0)(X13 = 0)(X14 = 0)] JUMP ['5']
  DEBUG   vm:simulation    TICK 250 REGS: [(X0 = 0)(X1 = 0)(X2 = 1023)(X3 = 5)(X4 = 0)(X5 = 11)(X6 = 2)(X7 = 108)(X8 = -33)(X9 = 0)(X10 = 0)(X11 = 0)(X12 = 0)(X13 = 0)(X14 = 0)] CMP ['x4', 'x6']
  DEBUG   vm:simulation    TICK 253 REGS: [(X0 = 0)(X1 = 0)(X2 = 1023)(X3 = 6)(X4 = 0)(X5 = 11)(X6 = 2)(X7 = 108)(X8 = -33)(X9 = 0)(X10 = 0)(X11 = 0)(X12 = 0)(X13 = 0)(X14 = 0)] JE ['12']
  DEBUG   vm:simulation    TICK 255 REGS: [(X0 = 0)(X1 = 0)(X2 = 1023)(X3 = 7)(X4 = 0)(X5 = 11)(X6 = 2)(X7 = 108)(X8 = -33)(X9 = 0)(X10 = 0)(X11 = 0)(X12 = 0)(X13 = 0)(X14 = 0)] LD ['x7', 'x5']
  DEBUG   vm:simulation    TICK 260 REGS: [(X0 = 0)(X1 = 0)(X2 = 1023)(X3 = 8)(X4 = 0)(X5 = 11)(X6 = 2)(X7 = 100)(X8 = -33)(X9 = 0)(X10 = 0)(X11 = 0)(X12 = 0)(X13 = 0)(X14 = 0)] ST ['x8', 'x7']
  DEBUG   vm:simulation    TICK 265 REGS: [(X0 = 0)(X1 = 0)(X2 = 1023)(X3 = 9)(X4 = 0)(X5 = 11)(X6 = 2)(X7 = 100)(X8 = -33)(X9 = 0)(X10 = 0)(X11 = 0)(X12 = 0)(X13 = 0)(X14 = 0)] INC ['x5']
  DEBUG   vm:simulation    TICK 268 REGS: [(X0 = 0)(X1 = 0)(X2 = 1023)(X3 = 10)(X4 = 0)(X5 = 12)(X6 = 2)(X7 = 100)(X8 = -33)(X9 = 0)(X10 = 0)(X11 = 0)(X12 = 0)(X13 = 0)(X14 = 0)] DEC ['x6']
  DEBUG   vm:simulation    TICK 271 REGS: [(X0 = 0)(X1 = 0)(X2 = 1023)(X3 = 11)(X4 = 0)(X5 = 12)(X6 = 1)(X7 = 100)(X8 = -33)(X9 = 0)(X10 = 0)(X11 = 0)(X12 = 0)(X13 = 0)(X14 = 0)] JUMP ['5']
  DEBUG   vm:simulation    TICK 273 REGS: [(X0 = 0)(X1 = 0)(X2 = 1023)(X3 = 5)(X4 = 0)(X5 = 12)(X6 = 1)(X7 = 100)(X8 = -33)(X9 = 0)(X10 = 0)(X11 = 0)(X12 = 0)(X13 = 0)(X14 = 0)] CMP ['x4', 'x6']
  DEBUG   vm:simulation    TICK 276 REGS: [(X0 = 0)(X1 = 0)(X2 = 1023)(X3 = 6)(X4 = 0)(X5 = 12)(X6 = 1)(X7 = 100)(X8 = -33)(X9 = 0)(X10 = 0)(X11 = 0)(X12 = 0)(X13 = 0)(X14 = 0)] JE ['12']
  DEBUG   vm:simulation    TICK 278 REGS: [(X0 = 0)(X1 = 0)(X2 = 1023)(X3 = 7)(X4 = 0)(X5 = 12)(X6 = 1)(X7 = 100)(X8 = -33)(X9 = 0)(X10 = 0)(X11 = 0)(X12 = 0)(X13 = 0)(X14 = 0)] LD ['x7', 'x5']
  DEBUG   vm:simulation    TICK 283 REGS: [(X0 = 0)(X1 = 0)(X2 = 1023)(X3 = 8)(X4 = 0)(X5 = 12)(X6 = 1)(X7 = 33)(X8 = -33)(X9 = 0)(X10 = 0)(X11 = 0)(X12 = 0)(X13 = 0)(X14 = 0)] ST ['x8', 'x7']
  DEBUG   vm:simulation    TICK 288 REGS: [(X0 = 0)(X1 = 0)(X2 = 1023)(X3 = 9)(X4 = 0)(X5 = 12)(X6 = 1)(X7 = 33)(X8 = -33)(X9 = 0)(X10 = 0)(X11 = 0)(X12 = 0)(X13 = 0)(X14 = 0)] INC ['x5']
  DEBUG   vm:simulation    TICK 291 REGS: [(X0 = 0)(X1 = 0)(X2 = 1023)(X3 = 10)(X4 = 0)(X5 = 13)(X6 = 1)(X7 = 33)(X8 = -33)(X9 = 0)(X10 = 0)(X11 = 0)(X12 = 0)(X13 = 0)(X14 = 0)] DEC ['x6']
  DEBUG   vm:simulation    TICK 294 REGS: [(X0 = 0)(X1 = 0)(X2 = 1023)(X3 = 11)(X4 = 0)(X5 = 13)(X6 = 0)(X7 = 33)(X8 = -33)(X9 = 0)(X10 = 0)(X11 = 0)(X12 = 0)(X13 = 0)(X14 = 0)] JUMP ['5']
  DEBUG   vm:simulation    TICK 296 REGS: [(X0 = 0)(X1 = 0)(X2 = 1023)(X3 = 5)(X4 = 0)(X5 = 13)(X6 = 0)(X7 = 33)(X8 = -33)(X9 = 0)(X10 = 0)(X11 = 0)(X12 = 0)(X13 = 0)(X14 = 0)] CMP ['x4', 'x6']
  DEBUG   vm:simulation    TICK 299 REGS: [(X0 = 0)(X1 = 0)(X2 = 1023)(X3 = 6)(X4 = 0)(X5 = 13)(X6 = 0)(X7 = 33)(X8 = -33)(X9 = 0)(X10 = 0)(X11 = 0)(X12 = 0)(X13 = 0)(X14 = 0)] JE ['12']
  DEBUG   vm:simulation    TICK 301 REGS: [(X0 = 0)(X1 = 0)(X2 = 1023)(X3 = 12)(X4 = 0)(X5 = 13)(X6 = 0)(X7 = 33)(X8 = -33)(X9 = 0)(X10 = 0)(X11 = 0)(X12 = 0)(X13 = 0)(X14 = 0)] HLT []