source_code: |-
  section .code
  .start:
      mov x4, 0
      mov x5, 0xFFFFFFDF
      mov x6, 3
      mov x7, 5
      mov x8, 1
      mov x9, 0
      mov x10, 10
  .loop:
      mov x11, x8
      mod x11, x6
      cmp x11, x9
      je .add
  .next:
      mov x11, x8
      mod x11, x7
      cmp x11, x9
      je .add
  .inc:
      inc x8
      cmp x8, x10
      je .exit
      jmp .loop
  .add:
      add x4, x8
      jmp .inc
  .exit:
      mov x10, 10
      mov x12, 48
      dec x2
  .stack_loop:
      mov x11, x4
      mod x11, x10
      div x4, x10
      add x11, x12
      st [x2], x11
      cmp x4, x9
      je .print
      dec x2
      jmp .stack_loop
  .print:
      ld x4, [x2]
      cmp x4, x9
      je .hlt
      st [x5], x4
      inc x2
      jmp .print
  .hlt:
      hlt

stdin: |
  Nothing gonna change
stdout: |-
  =====
  MMIO on -33 : '23'

out_code_readable: |-
  {
      "data_mem": {},
      "start": 0,
      "code_mem": {
          "0": {
              "opcode": "mov",
              "args": [
                  "x4",
                  "0"
              ]
          },
          "1": {
              "opcode": "mov",
              "args": [
                  "x5",
                  "0xFFFFFFDF"
              ]
          },
          "2": {
              "opcode": "mov",
              "args": [
                  "x6",
                  "3"
              ]
          },
          "3": {
              "opcode": "mov",
              "args": [
                  "x7",
                  "5"
              ]
          },
          "4": {
              "opcode": "mov",
              "args": [
                  "x8",
                  "1"
              ]
          },
          "5": {
              "opcode": "mov",
              "args": [
                  "x9",
                  "0"
              ]
          },
          "6": {
              "opcode": "mov",
              "args": [
                  "x10",
                  "10"
              ]
          },
          "7": {
              "opcode": "mov",
              "args": [
                  "x11",
                  "x8"
              ]
          },
          "8": {
              "opcode": "mod",
              "args": [
                  "x11",
                  "x6"
              ]
          },
          "9": {
              "opcode": "cmp",
              "args": [
                  "x11",
                  "x9"
              ]
          },
          "10": {
              "opcode": "je",
              "args": [
                  "19"
              ]
          },
          "11": {
              "opcode": "mov",
              "args": [
                  "x11",
                  "x8"
              ]
          },
          "12": {
              "opcode": "mod",
              "args": [
                  "x11",
                  "x7"
              ]
          },
          "13": {
              "opcode": "cmp",
              "args": [
                  "x11",
                  "x9"
              ]
          },
          "14": {
              "opcode": "je",
              "args": [
                  "19"
              ]
          },
          "15": {
              "opcode": "inc",
              "args": [
                  "x8"
              ]
          },
          "16": {
              "opcode": "cmp",
              "args": [
                  "x8",
                  "x10"
              ]
          },
          "17": {
              "opcode": "je",
              "args": [
                  "21"
              ]
          },
          "18": {
              "opcode": "jmp",
              "args": [
                  "7"
              ]
          },
          "19": {
              "opcode": "add",
              "args": [
                  "x4",
                  "x8"
              ]
          },
          "20": {
              "opcode": "jmp",
              "args": [
                  "15"
              ]
          },
          "21": {
              "opcode": "mov",
              "args": [
                  "x10",
                  "10"
              ]
          },
          "22": {
              "opcode": "mov",
              "args": [
                  "x12",
                  "48"
              ]
          },
          "23": {
              "opcode": "dec",
              "args": [
                  "x2"
              ]
          },
          "24": {
              "opcode": "mov",
              "args": [
                  "x11",
                  "x4"
              ]
          },
          "25": {
              "opcode": "mod",
              "args": [
                  "x11",
                  "x10"
              ]
          },
          "26": {
              "opcode": "div",
              "args": [
                  "x4",
                  "x10"
              ]
          },
          "27": {
              "opcode": "add",
              "args": [
                  "x11",
                  "x12"
              ]
          },
          "28": {
              "opcode": "st",
              "args": [
                  "x2",
                  "x11"
              ]
          },
          "29": {
              "opcode": "cmp",
              "args": [
                  "x4",
                  "x9"
              ]
          },
          "30": {
              "opcode": "je",
              "args": [
                  "33"
              ]
          },
          "31": {
              "opcode": "dec",
              "args": [
                  "x2"
              ]
          },
          "32": {
              "opcode": "jmp",
              "args": [
                  "24"
              ]
          },
          "33": {
              "opcode": "ld",
              "args": [
                  "x4",
                  "x2"
              ]
          },
          "34": {
              "opcode": "cmp",
              "args": [
                  "x4",
                  "x9"
              ]
          },
          "35": {
              "opcode": "je",
              "args": [
                  "39"
              ]
          },
          "36": {
              "opcode": "st",
              "args": [
                  "x5",
                  "x4"
              ]
          },
          "37": {
              "opcode": "inc",
              "args": [
                  "x2"
              ]
          },
          "38": {
              "opcode": "jmp",
              "args": [
                  "33"
              ]
          },
          "39": {
              "opcode": "hlt",
              "args": []
          }
      }
  }

out_log: |-
  DEBUG   vm:simulation    TICK 0 REGS: [(X0 = 0)(X1 = 0)(X2 = 1023)(X3 = 0)(X4 = 0)(X5 = 0)(X6 = 0)(X7 = 0)(X8 = 0)(X9 = 0)(X10 = 0)(X11 = 0)(X12 = 0)(X13 = 0)(X14 = 0)] MOV ['x4', '0']
  DEBUG   vm:simulation    TICK 4 REGS: [(X0 = 0)(X1 = 0)(X2 = 1023)(X3 = 1)(X4 = 0)(X5 = 0)(X6 = 0)(X7 = 0)(X8 = 0)(X9 = 0)(X10 = 0)(X11 = 0)(X12 = 0)(X13 = 0)(X14 = 0)] MOV ['x5', '0xFFFFFFDF']
  DEBUG   vm:simulation    TICK 8 REGS: [(X0 = 0)(X1 = 0)(X2 = 1023)(X3 = 2)(X4 = 0)(X5 = -33)(X6 = 0)(X7 = 0)(X8 = 0)(X9 = 0)(X10 = 0)(X11 = 0)(X12 = 0)(X13 = 0)(X14 = 0)] MOV ['x6', '3']
  DEBUG   vm:simulation    TICK 12 REGS: [(X0 = 0)(X1 = 0)(X2 = 1023)(X3 = 3)(X4 = 0)(X5 = -33)(X6 = 3)(X7 = 0)(X8 = 0)(X9 = 0)(X10 = 0)(X11 = 0)(X12 = 0)(X13 = 0)(X14 = 0)] MOV ['x7', '5']
  DEBUG   vm:simulation    TICK 16 REGS: [(X0 = 0)(X1 = 0)(X2 = 1023)(X3 = 4)(X4 = 0)(X5 = -33)(X6 = 3)(X7 = 5)(X8 = 0)(X9 = 0)(X10 = 0)(X11 = 0)(X12 = 0)(X13 = 0)(X14 = 0)] MOV ['x8', '1']
  DEBUG   vm:simulation    TICK 20 REGS: [(X0 = 0)(X1 = 0)(X2 = 1023)(X3 = 5)(X4 = 0)(X5 = -33)(X6 = 3)(X7 = 5)(X8 = 1)(X9 = 0)(X10 = 0)(X11 = 0)(X12 = 0)(X13 = 0)(X14 = 0)] MOV ['x9', '0']
  DEBUG   vm:simulation    TICK 24 REGS: [(X0 = 0)(X1 = 0)(X2 = 1023)(X3 = 6)(X4 = 0)(X5 = -33)(X6 = 3)(X7 = 5)(X8 = 1)(X9 = 0)(X10 = 0)(X11 = 0)(X12 = 0)(X13 = 0)(X14 = 0)] MOV ['x10', '10']
  DEBUG   vm:simulation    TICK 28 REGS: [(X0 = 0)(X1 = 0)(X2 = 1023)(X3 = 7)(X4 = 0)(X5 = -33)(X6 = 3)(X7 = 5)(X8 = 1)(X9 = 0)(X10 = 10)(X11 = 0)(X12 = 0)(X13 = 0)(X14 = 0)] MOV ['x11', 'x8']
  DEBUG   vm:simulation    TICK 32 REGS: [(X0 = 0)(X1 = 0)(X2 = 1023)(X3 = 8)(X4 = 0)(X5 = -33)(X6 = 3)(X7 = 5)(X8 = 1)(X9 = 0)(X10 = 10)(X11 = 1)(X12 = 0)(X13 = 0)(X14 = 0)] MOD ['x11', 'x6']
  DEBUG   vm:simulation    TICK 35 REGS: [(X0 = 0)(X1 = 0)(X2 = 1023)(X3 = 9)(X4 = 0)(X5 = -33)(X6 = 3)(X7 = 5)(X8 = 1)(X9 = 0)(X10 = 10)(X11 = 1)(X12 = 0)(X13 = 0)(X14 = 0)] CMP ['x11', 'x9']
  DEBUG   vm:simulation    TICK 38 REGS: [(X0 = 0)(X1 = 0)(X2 = 1023)(X3 = 10)(X4 = 0)(X5 = -33)(X6 = 3)(X7 = 5)(X8 = 1)(X9 = 0)(X10 = 10)(X11 = 1)(X12 = 0)(X13 = 0)(X14 = 0)] JE ['19']
  DEBUG   vm:simulation    TICK 40 REGS: [(X0 = 0)(X1 = 0)(X2 = 1023)(X3 = 11)(X4 = 0)(X5 = -33)(X6 = 3)(X7 = 5)(X8 = 1)(X9 = 0)(X10 = 10)(X11 = 1)(X12 = 0)(X13 = 0)(X14 = 0)] MOV ['x11', 'x8']
  DEBUG   vm:simulation    TICK 44 REGS: [(X0 = 0)(X1 = 0)(X2 = 1023)(X3 = 12)(X4 = 0)(X5 = -33)(X6 = 3)(X7 = 5)(X8 = 1)(X9 = 0)(X10 = 10)(X11 = 1)(X12 = 0)(X13 = 0)(X14 = 0)] MOD ['x11', 'x7']
  DEBUG   vm:simulation    TICK 47 REGS: [(X0 = 0)(X1 = 0)(X2 = 1023)(X3 = 13)(X4 = 0)(X5 = -33)(X6 = 3)(X7 = 5)(X8 = 1)(X9 = 0)(X10 = 10)(X11 = 1)(X12 = 0)(X13 = 0)(X14 = 0)] CMP ['x11', 'x9']
  DEBUG   vm:simulation    TICK 50 REGS: [(X0 = 0)(X1 = 0)(X2 = 1023)(X3 = 14)(X4 = 0)(X5 = -33)(X6 = 3)(X7 = 5)(X8 = 1)(X9 = 0)(X10 = 10)(X11 = 1)(X12 = 0)(X13 = 0)(X14 = 0)] JE ['19']
  DEBUG   vm:simulation    TICK 52 REGS: [(X0 = 0)(X1 = 0)(X2 = 1023)(X3 = 15)(X4 = 0)(X5 = -33)(X6 = 3)(X7 = 5)(X8 = 1)(X9 = 0)(X10 = 10)(X11 = 1)(X12 = 0)(X13 = 0)(X14 = 0)] INC ['x8']
  DEBUG   vm:simulation    TICK 55 REGS: [(X0 = 0)(X1 = 0)(X2 = 1023)(X3 = 16)(X4 = 0)(X5 = -33)(X6 = 3)(X7 = 5)(X8 = 2)(X9 = 0)(X10 = 10)(X11 = 1)(X12 = 0)(X13 = 0)(X14 = 0)] CMP ['x8', 'x10']
  DEBUG   vm:simulation    TICK 58 REGS: [(X0 = 0)(X1 = 0)(X2 = 1023)(X3 = 17)(X4 = 0)(X5 = -33)(X6 = 3)(X7 = 5)(X8 = 2)(X9 = 0)(X10 = 10)(X11 = 1)(X12 = 0)(X13 = 0)(X14 = 0)] JE ['21']
  DEBUG   vm:simulation    TICK 60 REGS: [(X0 = 0)(X1 = 0)(X2 = 1023)(X3 = 18)(X4 = 0)(X5 = -33)(X6 = 3)(X7 = 5)(X8 = 2)(X9 = 0)(X10 = 10)(X11 = 1)(X12 = 0)(X13 = 0)(X14 = 0)] JUMP ['7']
  DEBUG   vm:simulation    TICK 62 REGS: [(X0 = 0)(X1 = 0)(X2 = 1023)(X3 = 7)(X4 = 0)(X5 = -33)(X6 = 3)(X7 = 5)(X8 = 2)(X9 = 0)(X10 = 10)(X11 = 1)(X12 = 0)(X13 = 0)(X14 = 0)] MOV ['x11', 'x8']
  DEBUG   vm:simulation    TICK 66 REGS: [(X0 = 0)(X1 = 0)(X2 = 1023)(X3 = 8)(X4 = 0)(X5 = -33)(X6 = 3)(X7 = 5)(X8 = 2)(X9 = 0)(X10 = 10)(X11 = 2)(X12 = 0)(X13 = 0)(X14 = 0)] MOD ['x11', 'x6']
  DEBUG   vm:simulation    TICK 69 REGS: [(X0 = 0)(X1 = 0)(X2 = 1023)(X3 = 9)(X4 = 0)(X5 = -33)(X6 = 3)(X7 = 5)(X8 = 2)(X9 = 0)(X10 = 10)(X11 = 2)(X12 = 0)(X13 = 0)(X14 = 0)] CMP ['x11', 'x9']
  DEBUG   vm:simulation    TICK 72 REGS: [(X0 = 0)(X1 = 0)(X2 = 1023)(X3 = 10)(X4 = 0)(X5 = -33)(X6 = 3)(X7 = 5)(X8 = 2)(X9 = 0)(X10 = 10)(X11 = 2)(X12 = 0)(X13 = 0)(X14 = 0)] JE ['19']
  DEBUG   vm:simulation    TICK 74 REGS: [(X0 = 0)(X1 = 0)(X2 = 1023)(X3 = 11)(X4 = 0)(X5 = -33)(X6 = 3)(X7 = 5)(X8 = 2)(X9 = 0)(X10 = 10)(X11 = 2)(X12 = 0)(X13 = 0)(X14 = 0)] MOV ['x11', 'x8']
  DEBUG   vm:simulation    TICK 78 REGS: [(X0 = 0)(X1 = 0)(X2 = 1023)(X3 = 12)(X4 = 0)(X5 = -33)(X6 = 3)(X7 = 5)(X8 = 2)(X9 = 0)(X10 = 10)(X11 = 2)(X12 = 0)(X13 = 0)(X14 = 0)] MOD ['x11', 'x7']
  DEBUG   vm:simulation    TICK 81 REGS: [(X0 = 0)(X1 = 0)(X2 = 1023)(X3 = 13)(X4 = 0)(X5 = -33)(X6 = 3)(X7 = 5)(X8 = 2)(X9 = 0)(X10 = 10)(X11 = 2)(X12 = 0)(X13 = 0)(X14 = 0)] CMP ['x11', 'x9']
  DEBUG   vm:simulation    TICK 84 REGS: [(X0 = 0)(X1 = 0)(X2 = 1023)(X3 = 14)(X4 = 0)(X5 = -33)(X6 = 3)(X7 = 5)(X8 = 2)(X9 = 0)(X10 = 10)(X11 = 2)(X12 = 0)(X13 = 0)(X14 = 0)] JE ['19']
  DEBUG   vm:simulation    TICK 86 REGS: [(X0 = 0)(X1 = 0)(X2 = 1023)(X3 = 15)(X4 = 0)(X5 = -33)(X6 = 3)(X7 = 5)(X8 = 2)(X9 = 0)(X10 = 10)(X11 = 2)(X12 = 0)(X13 = 0)(X14 = 0)] INC ['x8']
  DEBUG   vm:simulation    TICK 89 REGS: [(X0 = 0)(X1 = 0)(X2 = 1023)(X3 = 16)(X4 = 0)(X5 = -33)(X6 = 3)(X7 = 5)(X8 = 3)(X9 = 0)(X10 = 10)(X11 = 2)(X12 = 0)(X13 = 0)(X14 = 0)] CMP ['x8', 'x10']
  DEBUG   vm:simulation    TICK 92 REGS: [(X0 = 0)(X1 = 0)(X2 = 1023)(X3 = 17)(X4 = 0)(X5 = -33)(X6 = 3)(X7 = 5)(X8 = 3)(X9 = 0)(X10 = 10)(X11 = 2)(X12 = 0)(X13 = 0)(X14 = 0)] JE ['21']
  DEBUG   vm:simulation    TICK 94 REGS: [(X0 = 0)(X1 = 0)(X2 = 1023)(X3 = 18)(X4 = 0)(X5 = -33)(X6 = 3)(X7 = 5)(X8 = 3)(X9 = 0)(X10 = 10)(X11 = 2)(X12 = 0)(X13 = 0)(X14 = 0)] JUMP ['7']
  DEBUG   vm:simulation    TICK 96 REGS: [(X0 = 0)(X1 = 0)(X2 = 1023)(X3 = 7)(X4 = 0)(X5 = -33)(X6 = 3)(X7 = 5)(X8 = 3)(X9 = 0)(X10 = 10)(X11 = 2)(X12 = 0)(X13 = 0)(X14 = 0)] MOV ['x11', 'x8']
  DEBUG   vm:simulation    TICK 100 REGS: [(X0 = 0)(X1 = 0)(X2 = 1023)(X3 = 8)(X4 = 0)(X5 = -33)(X6 = 3)(X7 = 5)(X8 = 3)(X9 = 0)(X10 = 10)(X11 = 3)(X12 = 0)(X13 = 0)(X14 = 0)] MOD ['x11', 'x6']
  DEBUG   vm:simulation    TICK 103 REGS: [(X0 = 0)(X1 = 0)(X2 = 1023)(X3 = 9)(X4 = 0)(X5 = -33)(X6 = 3)(X7 = 5)(X8 = 3)(X9 = 0)(X10 = 10)(X11 = 0)(X12 = 0)(X13 = 0)(X14 = 0)] CMP ['x11', 'x9']
  DEBUG   vm:simulation    TICK 106 REGS: [(X0 = 0)(X1 = 0)(X2 = 1023)(X3 = 10)(X4 = 0)(X5 = -33)(X6 = 3)(X7 = 5)(X8 = 3)(X9 = 0)(X10 = 10)(X11 = 0)(X12 = 0)(X13 = 0)(X14 = 0)] JE ['19']
  DEBUG   vm:simulation    TICK 108 REGS: [(X0 = 0)(X1 = 0)(X2 = 1023)(X3 = 19)(X4 = 0)(X5 = -33)(X6 = 3)(X7 = 5)(X8 = 3)(X9 = 0)(X10 = 10)(X11 = 0)(X12 = 0)(X13 = 0)(X14 = 0)] ADD ['x4', 'x8']
  DEBUG   vm:simulation    TICK 111 REGS: [(X0 = 0)(X1 = 0)(X2 = 1023)(X3 = 20)(X4 = 3)(X5 = -33)(X6 = 3)(X7 = 5)(X8 = 3)(X9 = 0)(X10 = 10)(X11 = 0)(X12 = 0)(X13 = 0)(X14 = 0)] JUMP ['15']
  DEBUG   vm:simulation    TICK 113 REGS: [(X0 = 0)(X1 = 0)(X2 = 1023)(X3 = 15)(X4 = 3)(X5 = -33)(X6 = 3)(X7 = 5)(X8 = 3)(X9 = 0)(X10 = 10)(X11 = 0)(X12 = 0)(X13 = 0)(X14 = 0)] INC ['x8']
  DEBUG   vm:simulation    TICK 116 REGS: [(X0 = 0)(X1 = 0)(X2 = 1023)(X3 = 16)(X4 = 3)(X5 = -33)(X6 = 3)(X7 = 5)(X8 = 4)(X9 = 0)(X10 = 10)(X11 = 0)(X12 = 0)(X13 = 0)(X14 = 0)] CMP ['x8', 'x10']
  DEBUG   vm:simulation    TICK 119 REGS: [(X0 = 0)(X1 = 0)(X2 = 1023)(X3 = 17)(X4 = 3)(X5 = -33)(X6 = 3)(X7 = 5)(X8 = 4)(X9 = 0)(X10 = 10)(X11 = 0)(X12 = 0)(X13 = 0)(X14 = 0)] JE ['21']
  DEBUG   vm:simulation    TICK 121 REGS: [(X0 = 0)(X1 = 0)(X2 = 1023)(X3 = 18)(X4 = 3)(X5 = -33)(X6 = 3)(X7 = 5)(X8 = 4)(X9 = 0)(X10 = 10)(X11 = 0)(X12 = 0)(X13 = 0)(X14 = 0)] JUMP ['7']
  DEBUG   vm:simulation    TICK 123 REGS: [(X0 = 0)(X1 = 0)(X2 = 1023)(X3 = 7)(X4 = 3)(X5 = -33)(X6 = 3)(X7 = 5)(X8 = 4)(X9 = 0)(X10 = 10)(X11 = 0)(X12 = 0)(X13 = 0)(X14 = 0)] MOV ['x11', 'x8']
  DEBUG   vm:simulation    TICK 127 REGS: [(X0 = 0)(X1 = 0)(X2 = 1023)(X3 = 8)(X4 = 3)(X5 = -33)(X6 = 3)(X7 = 5)(X8 = 4)(X9 = 0)(X10 = 10)(X11 = 4)(X12 = 0)(X13 = 0)(X14 = 0)] MOD ['x11', 'x6']
  DEBUG   vm:simulation    TICK 130 REGS: [(X0 = 0)(X1 = 0)(X2 = 1023)(X3 = 9)(X4 = 3)(X5 = -33)(X6 = 3)(X7 = 5)(X8 = 4)(X9 = 0)(X10 = 10)(X11 = 1)(X12 = 0)(X13 = 0)(X14 = 0)] CMP ['x11', 'x9']
  DEBUG   vm:simulation    TICK 133 REGS: [(X0 = 0)(X1 = 0)(X2 = 1023)(X3 = 10)(X4 = 3)(X5 = -33)(X6 = 3)(X7 = 5)(X8 = 4)(X9 = 0)(X10 = 10)(X11 = 1)(X12 = 0)(X13 = 0)(X14 = 0)] JE ['19']
  DEBUG   vm:simulation    TICK 135 REGS: [(X0 = 0)(X1 = 0)(X2 = 1023)(X3 = 11)(X4 = 3)(X5 = -33)(X6 = 3)(X7 = 5)(X8 = 4)(X9 = 0)(X10 = 10)(X11 = 1)(X12 = 0)(X13 = 0)(X14 = 0)] MOV ['x11', 'x8']
  DEBUG   vm:simulation    TICK 139 REGS: [(X0 = 0)(X1 = 0)(X2 = 1023)(X3 = 12)(X4 = 3)(X5 = -33)(X6 = 3)(X7 = 5)(X8 = 4)(X9 = 0)(X10 = 10)(X11 = 4)(X12 = 0)(X13 = 0)(X14 = 0)] MOD ['x11', 'x7']
  DEBUG   vm:simulation    TICK 142 REGS: [(X0 = 0)(X1 = 0)(X2 = 1023)(X3 = 13)(X4 = 3)(X5 = -33)(X6 = 3)(X7 = 5)(X8 = 4)(X9 = 0)(X10 = 10)(X11 = 4)(X12 = 0)(X13 = 0)(X14 = 0)] CMP ['x11', 'x9']
  DEBUG   vm:simulation    TICK 145 REGS: [(X0 = 0)(X1 = 0)(X2 = 1023)(X3 = 14)(X4 = 3)(X5 = -33)(X6 = 3)(X7 = 5)(X8 = 4)(X9 = 0)(X10 = 10)(X11 = 4)(X12 = 0)(X13 = 0)(X14 = 0)] JE ['19']
  DEBUG   vm:simulation    TICK 147 REGS: [(X0 = 0)(X1 = 0)(X2 = 1023)(X3 = 15)(X4 = 3)(X5 = -33)(X6 = 3)(X7 = 5)(X8 = 4)(X9 = 0)(X10 = 10)(X11 = 4)(X12 = 0)(X13 = 0)(X14 = 0)] INC ['x8']
  DEBUG   vm:simulation    TICK 150 REGS: [(X0 = 0)(X1 = 0)(X2 = 1023)(X3 = 16)(X4 = 3)(X5 = -33)(X6 = 3)(X7 = 5)(X8 = 5)(X9 = 0)(X10 = 10)(X11 = 4)(X12 = 0)(X13 = 0)(X14 = 0)] CMP ['x8', 'x10']
  DEBUG   vm:simulation    TICK 153 REGS: [(X0 = 0)(X1 = 0)(X2 = 1023)(X3 = 17)(X4 = 3)(X5 = -33)(X6 = 3)(X7 = 5)(X8 = 5)(X9 = 0)(X10 = 10)(X11 = 4)(X12 = 0)(X13 = 0)(X14 = 0)] JE ['21']
  DEBUG   vm:simulation    TICK 155 REGS: [(X0 = 0)(X1 = 0)(X2 = 1023)(X3 = 18)(X4 = 3)(X5 = -33)(X6 = 3)(X7 = 5)(X8 = 5)(X9 = 0)(X10 = 10)(X11 = 4)(X12 = 0)(X13 = 0)(X14 = 0)] JUMP ['7']
  DEBUG   vm:simulation    TICK 157 REGS: [(X0 = 0)(X1 = 0)(X2 = 1023)(X3 = 7)(X4 = 3)(X5 = -33)(X6 = 3)(X7 = 5)(X8 = 5)(X9 = 0)(X10 = 10)(X11 = 4)(X12 = 0)(X13 = 0)(X14 = 0)] MOV ['x11', 'x8']
  DEBUG   vm:simulation    TICK 161 REGS: [(X0 = 0)(X1 = 0)(X2 = 1023)(X3 = 8)(X4 = 3)(X5 = -33)(X6 = 3)(X7 = 5)(X8 = 5)(X9 = 0)(X10 = 10)(X11 = 5)(X12 = 0)(X13 = 0)(X14 = 0)] MOD ['x11', 'x6']
  DEBUG   vm:simulation    TICK 164 REGS: [(X0 = 0)(X1 = 0)(X2 = 1023)(X3 = 9)(X4 = 3)(X5 = -33)(X6 = 3)(X7 = 5)(X8 = 5)(X9 = 0)(X10 = 10)(X11 = 2)(X12 = 0)(X13 = 0)(X14 = 0)] CMP ['x11', 'x9']
  DEBUG   vm:simulation    TICK 167 REGS: [(X0 = 0)(X1 = 0)(X2 = 1023)(X3 = 10)(X4 = 3)(X5 = -33)(X6 = 3)(X7 = 5)(X8 = 5)(X9 = 0)(X10 = 10)(X11 = 2)(X12 = 0)(X13 = 0)(X14 = 0)] JE ['19']
  DEBUG   vm:simulation    TICK 169 REGS: [(X0 = 0)(X1 = 0)(X2 = 1023)(X3 = 11)(X4 = 3)(X5 = -33)(X6 = 3)(X7 = 5)(X8 = 5)(X9 = 0)(X10 = 10)(X11 = 2)(X12 = 0)(X13 = 0)(X14 = 0)] MOV ['x11', 'x8']
  DEBUG   vm:simulation    TICK 173 REGS: [(X0 = 0)(X1 = 0)(X2 = 1023)(X3 = 12)(X4 = 3)(X5 = -33)(X6 = 3)(X7 = 5)(X8 = 5)(X9 = 0)(X10 = 10)(X11 = 5)(X12 = 0)(X13 = 0)(X14 = 0)] MOD ['x11', 'x7']
  DEBUG   vm:simulation    TICK 176 REGS: [(X0 = 0)(X1 = 0)(X2 = 1023)(X3 = 13)(X4 = 3)(X5 = -33)(X6 = 3)(X7 = 5)(X8 = 5)(X9 = 0)(X10 = 10)(X11 = 0)(X12 = 0)(X13 = 0)(X14 = 0)] CMP ['x11', 'x9']
  DEBUG   vm:simulation    TICK 179 REGS: [(X0 = 0)(X1 = 0)(X2 = 1023)(X3 = 14)(X4 = 3)(X5 = -33)(X6 = 3)(X7 = 5)(X8 = 5)(X9 = 0)(X10 = 10)(X11 = 0)(X12 = 0)(X13 = 0)(X14 = 0)] JE ['19']
  DEBUG   vm:simulation    TICK 181 REGS: [(X0 = 0)(X1 = 0)(X2 = 1023)(X3 = 19)(X4 = 3)(X5 = -33)(X6 = 3)(X7 = 5)(X8 = 5)(X9 = 0)(X10 = 10)(X11 = 0)(X12 = 0)(X13 = 0)(X14 = 0)] ADD ['x4', 'x8']
  DEBUG   vm:simulation    TICK 184 REGS: [(X0 = 0)(X1 = 0)(X2 = 1023)(X3 = 20)(X4 = 8)(X5 = -33)(X6 = 3)(X7 = 5)(X8 = 5)(X9 = 0)(X10 = 10)(X11 = 0)(X12 = 0)(X13 = 0)(X14 = 0)] JUMP ['15']
  DEBUG   vm:simulation    TICK 186 REGS: [(X0 = 0)(X1 = 0)(X2 = 1023)(X3 = 15)(X4 = 8)(X5 = -33)(X6 = 3)(X7 = 5)(X8 = 5)(X9 = 0)(X10 = 10)(X11 = 0)(X12 = 0)(X13 = 0)(X14 = 0)] INC ['x8']
  DEBUG   vm:simulation    TICK 189 REGS: [(X0 = 0)(X1 = 0)(X2 = 1023)(X3 = 16)(X4 = 8)(X5 = -33)(X6 = 3)(X7 = 5)(X8 = 6)(X9 = 0)(X10 = 10)(X11 = 0)(X12 = 0)(X13 = 0)(X14 = 0)] CMP ['x8', 'x10']
  DEBUG   vm:simulation    TICK 192 REGS: [(X0 = 0)(X1 = 0)(X2 = 1023)(X3 = 17)(X4 = 8)(X5 = -33)(X6 = 3)(X7 = 5)(X8 = 6)(X9 = 0)(X10 = 10)(X11 = 0)(X12 = 0)(X13 = 0)(X14 = 0)] JE ['21']
  DEBUG   vm:simulation    TICK 194 REGS: [(X0 = 0)(X1 = 0)(X2 = 1023)(X3 = 18)(X4 = 8)(X5 = -33)(X6 = 3)(X7 = 5)(X8 = 6)(X9 = 0)(X10 = 10)(X11 = 0)(X12 = 0)(X13 = 0)(X14 = 0)] JUMP ['7']
  DEBUG   vm:simulation    TICK 196 REGS: [(X0 = 0)(X1 = 0)(X2 = 1023)(X3 = 7)(X4 = 8)(X5 = -33)(X6 = 3)(X7 = 5)(X8 = 6)(X9 = 0)(X10 = 10)(X11 = 0)(X12 = 0)(X13 = 0)(X14 = 0)] MOV ['x11', 'x8']
  DEBUG   vm:simulation    TICK 200 REGS: [(X0 = 0)(X1 = 0)(X2 = 1023)(X3 = 8)(X4 = 8)(X5 = -33)(X6 = 3)(X7 = 5)(X8 = 6)(X9 = 0)(X10 = 10)(X11 = 6)(X12 = 0)(X13 = 0)(X14 = 0)] MOD ['x11', 'x6']
  DEBUG   vm:simulation    TICK 203 REGS: [(X0 = 0)(X1 = 0)(X2 = 1023)(X3 = 9)(X4 = 8)(X5 = -33)(X6 = 3)(X7 = 5)(X8 = 6)(X9 = 0)(X10 = 10)(X11 = 0)(X12 = 0)(X13 = 0)(X14 = 0)] CMP ['x11', 'x9']
  DEBUG   vm:simulation    TICK 206 REGS: [(X0 = 0)(X1 = 0)(X2 = 1023)(X3 = 10)(X4 = 8)(X5 = -33)(X6 = 3)(X7 = 5)(X8 = 6)(X9 = 0)(X10 = 10)(X11 = 0)(X12 = 0)(X13 = 0)(X14 = 0)] JE ['19']
  DEBUG   vm:simulation    TICK 208 REGS: [(X0 = 0)(X1 = 0)(X2 = 1023)(X3 = 19)(X4 = 8)(X5 = -33)(X6 = 3)(X7 = 5)(X8 = 6)(X9 = 0)(X10 = 10)(X11 = 0)(X12 = 0)(X13 = 0)(X14 = 0)] ADD ['x4', 'x8']
  DEBUG   vm:simulation    TICK 211 REGS: [(X0 = 0)(X1 = 0)(X2 = 1023)(X3 = 20)(X4 = 14)(X5 = -33)(X6 = 3)(X7 = 5)(X8 = 6)(X9 = 0)(X10 = 10)(X11 = 0)(X12 = 0)(X13 = 0)(X14 = 0)] JUMP ['15']
  DEBUG   vm:simulation    TICK 213 REGS: [(X0 = 0)(X1 = 0)(X2 = 1023)(X3 = 15)(X4 = 14)(X5 = -33)(X6 = 3)(X7 = 5)(X8 = 6)(X9 = 0)(X10 = 10)(X11 = 0)(X12 = 0)(X13 = 0)(X14 = 0)] INC ['x8']
  DEBUG   vm:simulation    TICK 216 REGS: [(X0 = 0)(X1 = 0)(X2 = 1023)(X3 = 16)(X4 = 14)(X5 = -33)(X6 = 3)(X7 = 5)(X8 = 7)(X9 = 0)(X10 = 10)(X11 = 0)(X12 = 0)(X13 = 0)(X14 = 0)] CMP ['x8', 'x10']
  DEBUG   vm:simulation    TICK 219 REGS: [(X0 = 0)(X1 = 0)(X2 = 1023)(X3 = 17)(X4 = 14)(X5 = -33)(X6 = 3)(X7 = 5)(X8 = 7)(X9 = 0)(X10 = 10)(X11 = 0)(X12 = 0)(X13 = 0)(X14 = 0)] JE ['21']
  DEBUG   vm:simulation    TICK 221 REGS: [(X0 = 0)(X1 = 0)(X2 = 1023)(X3 = 18)(X4 = 14)(X5 = -33)(X6 = 3)(X7 = 5)(X8 = 7)(X9 = 0)(X10 = 10)(X11 = 0)(X12 = 0)(X13 = 0)(X14 = 0)] JUMP ['7']
  DEBUG   vm:simulation    TICK 223 REGS: [(X0 = 0)(X1 = 0)(X2 = 1023)(X3 = 7)(X4 = 14)(X5 = -33)(X6 = 3)(X7 = 5)(X8 = 7)(X9 = 0)(X10 = 10)(X11 = 0)(X12 = 0)(X13 = 0)(X14 = 0)] MOV ['x11', 'x8']
  DEBUG   vm:simulation    TICK 227 REGS: [(X0 = 0)(X1 = 0)(X2 = 1023)(X3 = 8)(X4 = 14)(X5 = -33)(X6 = 3)(X7 = 5)(X8 = 7)(X9 = 0)(X10 = 10)(X11 = 7)(X12 = 0)(X13 = 0)(X14 = 0)] MOD ['x11', 'x6']
  DEBUG   vm:simulation    TICK 230 REGS: [(X0 = 0)(X1 = 0)(X2 = 1023)(X3 = 9)(X4 = 14)(X5 = -33)(X6 = 3)(X7 = 5)(X8 = 7)(X9 = 0)(X10 = 10)(X11 = 1)(X12 = 0)(X13 = 0)(X14 = 0)] CMP ['x11', 'x9']
  DEBUG   vm:simulation    TICK 233 REGS: [(X0 = 0)(X1 = 0)(X2 = 1023)(X3 = 10)(X4 = 14)(X5 = -33)(X6 = 3)(X7 = 5)(X8 = 7)(X9 = 0)(X10 = 10)(X11 = 1)(X12 = 0)(X13 = 0)(X14 = 0)] JE ['19']
  DEBUG   vm:simulation    TICK 235 REGS: [(X0 = 0)(X1 = 0)(X2 = 1023)(X3 = 11)(X4 = 14)(X5 = -33)(X6 = 3)(X7 = 5)(X8 = 7)(X9 = 0)(X10 = 10)(X11 = 1)(X12 = 0)(X13 = 0)(X14 = 0)] MOV ['x11', 'x8']
  DEBUG   vm:simulation    TICK 239 REGS: [(X0 = 0)(X1 = 0)(X2 = 1023)(X3 = 12)(X4 = 14)(X5 = -33)(X6 = 3)(X7 = 5)(X8 = 7)(X9 = 0)(X10 = 10)(X11 = 7)(X12 = 0)(X13 = 0)(X14 = 0)] MOD ['x11', 'x7']
  DEBUG   vm:simulation    TICK 242 REGS: [(X0 = 0)(X1 = 0)(X2 = 1023)(X3 = 13)(X4 = 14)(X5 = -33)(X6 = 3)(X7 = 5)(X8 = 7)(X9 = 0)(X10 = 10)(X11 = 2)(X12 = 0)(X13 = 0)(X14 = 0)] CMP ['x11', 'x9']
  DEBUG   vm:simulation    TICK 245 REGS: [(X0 = 0)(X1 = 0)(X2 = 1023)(X3 = 14)(X4 = 14)(X5 = -33)(X6 = 3)(X7 = 5)(X8 = 7)(X9 = 0)(X10 = 10)(X11 = 2)(X12 = 0)(X13 = 0)(X14 = 0)] JE ['19']
  DEBUG   vm:simulation    TICK 247 REGS: [(X0 = 0)(X1 = 0)(X2 = 1023)(X3 = 15)(X4 = 14)(X5 = -33)(X6 = 3)(X7 = 5)(X8 = 7)(X9 = 0)(X10 = 10)(X11 = 2)(X12 = 0)(X13 = 0)(X14 = 0)] INC ['x8']
  DEBUG   vm:simulation    TICK 250 REGS: [(X0 = 0)(X1 = 0)(X2 = 1023)(X3 = 16)(X4 = 14)(X5 = -33)(X6 = 3)(X7 = 5)(X8 = 8)(X9 = 0)(X10 = 10)(X11 = 2)(X12 = 0)(X13 = 0)(X14 = 0)] CMP ['x8', 'x10']
  DEBUG   vm:simulation    TICK 253 REGS: [(X0 = 0)(X1 = 0)(X2 = 1023)(X3 = 17)(X4 = 14)(X5 = -33)(X6 = 3)(X7 = 5)(X8 = 8)(X9 = 0)(X10 = 10)(X11 = 2)(X12 = 0)(X13 = 0)(X14 = 0)] JE ['21']
  DEBUG   vm:simulation    TICK 255 REGS: [(X0 = 0)(X1 = 0)(X2 = 1023)(X3 = 18)(X4 = 14)(X5 = -33)(X6 = 3)(X7 = 5)(X8 = 8)(X9 = 0)(X10 = 10)(X11 = 2)(X12 = 0)(X13 = 0)(X14 = 0)] JUMP ['7']
  DEBUG   vm:simulation    TICK 257 REGS: [(X0 = 0)(X1 = 0)(X2 = 1023)(X3 = 7)(X4 = 14)(X5 = -33)(X6 = 3)(X7 = 5)(X8 = 8)(X9 = 0)(X10 = 10)(X11 = 2)(X12 = 0)(X13 = 0)(X14 = 0)] MOV ['x11', 'x8']
  DEBUG   vm:simulation    TICK 261 REGS: [(X0 = 0)(X1 = 0)(X2 = 1023)(X3 = 8)(X4 = 14)(X5 = -33)(X6 = 3)(X7 = 5)(X8 = 8)(X9 = 0)(X10 = 10)(X11 = 8)(X12 = 0)(X13 = 0)(X14 = 0)] MOD ['x11', 'x6']
  DEBUG   vm:simulation    TICK 264 REGS: [(X0 = 0)(X1 = 0)(X2 = 1023)(X3 = 9)(X4 = 14)(X5 = -33)(X6 = 3)(X7 = 5)(X8 = 8)(X9 = 0)(X10 = 10)(X11 = 2)(X12 = 0)(X13 = 0)(X14 = 0)] CMP ['x11', 'x9']
  DEBUG   vm:simulation    TICK 267 REGS: [(X0 = 0)(X1 = 0)(X2 = 1023)(X3 = 10)(X4 = 14)(X5 = -33)(X6 = 3)(X7 = 5)(X8 = 8)(X9 = 0)(X10 = 10)(X11 = 2)(X12 = 0)(X13 = 0)(X14 = 0)] JE ['19']
  DEBUG   vm:simulation    TICK 269 REGS: [(X0 = 0)(X1 = 0)(X2 = 1023)(X3 = 11)(X4 = 14)(X5 = -33)(X6 = 3)(X7 = 5)(X8 = 8)(X9 = 0)(X10 = 10)(X11 = 2)(X12 = 0)(X13 = 0)(X14 = 0)] MOV ['x11', 'x8']
  DEBUG   vm:simulation    TICK 273 REGS: [(X0 = 0)(X1 = 0)(X2 = 1023)(X3 = 12)(X4 = 14)(X5 = -33)(X6 = 3)(X7 = 5)(X8 = 8)(X9 = 0)(X10 = 10)(X11 = 8)(X12 = 0)(X13 = 0)(X14 = 0)] MOD ['x11', 'x7']
  DEBUG   vm:simulation    TICK 276 REGS: [(X0 = 0)(X1 = 0)(X2 = 1023)(X3 = 13)(X4 = 14)(X5 = -33)(X6 = 3)(X7 = 5)(X8 = 8)(X9 = 0)(X10 = 10)(X11 = 3)(X12 = 0)(X13 = 0)(X14 = 0)] CMP ['x11', 'x9']
  DEBUG   vm:simulation    TICK 279 REGS: [(X0 = 0)(X1 = 0)(X2 = 1023)(X3 = 14)(X4 = 14)(X5 = -33)(X6 = 3)(X7 = 5)(X8 = 8)(X9 = 0)(X10 = 10)(X11 = 3)(X12 = 0)(X13 = 0)(X14 = 0)] JE ['19']
  DEBUG   vm:simulation    TICK 281 REGS: [(X0 = 0)(X1 = 0)(X2 = 1023)(X3 = 15)(X4 = 14)(X5 = -33)(X6 = 3)(X7 = 5)(X8 = 8)(X9 = 0)(X10 = 10)(X11 = 3)(X12 = 0)(X13 = 0)(X14 = 0)] INC ['x8']
  DEBUG   vm:simulation    TICK 284 REGS: [(X0 = 0)(X1 = 0)(X2 = 1023)(X3 = 16)(X4 = 14)(X5 = -33)(X6 = 3)(X7 = 5)(X8 = 9)(X9 = 0)(X10 = 10)(X11 = 3)(X12 = 0)(X13 = 0)(X14 = 0)] CMP ['x8', 'x10']
  DEBUG   vm:simulation    TICK 287 REGS: [(X0 = 0)(X1 = 0)(X2 = 1023)(X3 = 17)(X4 = 14)(X5 = -33)(X6 = 3)(X7 = 5)(X8 = 9)(X9 = 0)(X10 = 10)(X11 = 3)(X12 = 0)(X13 = 0)(X14 = 0)] JE ['21']
  DEBUG   vm:simulation    TICK 289 REGS: [(X0 = 0)(X1 = 0)(X2 = 1023)(X3 = 18)(X4 = 14)(X5 = -33)(X6 = 3)(X7 = 5)(X8 = 9)(X9 = 0)(X10 = 10)(X11 = 3)(X12 = 0)(X13 = 0)(X14 = 0)] JUMP ['7']
  DEBUG   vm:simulation    TICK 291 REGS: [(X0 = 0)(X1 = 0)(X2 = 1023)(X3 = 7)(X4 = 14)(X5 = -33)(X6 = 3)(X7 = 5)(X8 = 9)(X9 = 0)(X10 = 10)(X11 = 3)(X12 = 0)(X13 = 0)(X14 = 0)] MOV ['x11', 'x8']
  DEBUG   vm:simulation    TICK 295 REGS: [(X0 = 0)(X1 = 0)(X2 = 1023)(X3 = 8)(X4 = 14)(X5 = -33)(X6 = 3)(X7 = 5)(X8 = 9)(X9 = 0)(X10 = 10)(X11 = 9)(X12 = 0)(X13 = 0)(X14 = 0)] MOD ['x11', 'x6']
  DEBUG   vm:simulation    TICK 298 REGS: [(X0 = 0)(X1 = 0)(X2 = 1023)(X3 = 9)(X4 = 14)(X5 = -33)(X6 = 3)(X7 = 5)(X8 = 9)(X9 = 0)(X10 = 10)(X11 = 0)(X12 = 0)(X13 = 0)(X14 = 0)] CMP ['x11', 'x9']
  DEBUG   vm:simulation    TICK 301 REGS: [(X0 = 0)(X1 = 0)(X2 = 1023)(X3 = 10)(X4 = 14)(X5 = -33)(X6 = 3)(X7 = 5)(X8 = 9)(X9 = 0)(X10 = 10)(X11 = 0)(X12 = 0)(X13 = 0)(X14 = 0)] JE ['19']
  DEBUG   vm:simulation    TICK 303 REGS: [(X0 = 0)(X1 = 0)(X2 = 1023)(X3 = 19)(X4 = 14)(X5 = -33)(X6 = 3)(X7 = 5)(X8 = 9)(X9 = 0)(X10 = 10)(X11 = 0)(X12 = 0)(X13 = 0)(X14 = 0)] ADD ['x4', 'x8']
  DEBUG   vm:simulation    TICK 306 REGS: [(X0 = 0)(X1 = 0)(X2 = 1023)(X3 = 20)(X4 = 23)(X5 = -33)(X6 = 3)(X7 = 5)(X8 = 9)(X9 = 0)(X10 = 10)(X11 = 0)(X12 = 0)(X13 = 0)(X14 = 0)] JUMP ['15']
  DEBUG   vm:simulation    TICK 308 REGS: [(X0 = 0)(X1 = 0)(X2 = 1023)(X3 = 15)(X4 = 23)(X5 = -33)(X6 = 3)(X7 = 5)(X8 = 9)(X9 = 0)(X10 = 10)(X11 = 0)(X12 = 0)(X13 = 0)(X14 = 0)] INC ['x8']
  DEBUG   vm:simulation    TICK 311 REGS: [(X0 = 0)(X1 = 0)(X2 = 1023)(X3 = 16)(X4 = 23)(X5 = -33)(X6 = 3)(X7 = 5)(X8 = 10)(X9 = 0)(X10 = 10)(X11 = 0)(X12 = 0)(X13 = 0)(X14 = 0)] CMP ['x8', 'x10']
  DEBUG   vm:simulation    TICK 314 REGS: [(X0 = 0)(X1 = 0)(X2 = 1023)(X3 = 17)(X4 = 23)(X5 = -33)(X6 = 3)(X7 = 5)(X8 = 10)(X9 = 0)(X10 = 10)(X11 = 0)(X12 = 0)(X13 = 0)(X14 = 0)] JE ['21']
  DEBUG   vm:simulation    TICK 316 REGS: [(X0 = 0)(X1 = 0)(X2 = 1023)(X3 = 21)(X4 = 23)(X5 = -33)(X6 = 3)(X7 = 5)(X8 = 10)(X9 = 0)(X10 = 10)(X11 = 0)(X12 = 0)(X13 = 0)(X14 = 0)] MOV ['x10', '10']
  DEBUG   vm:simulation    TICK 320 REGS: [(X0 = 0)(X1 = 0)(X2 = 1023)(X3 = 22)(X4 = 23)(X5 = -33)(X6 = 3)(X7 = 5)(X8 = 10)(X9 = 0)(X10 = 10)(X11 = 0)(X12 = 0)(X13 = 0)(X14 = 0)] MOV ['x12', '48']
  DEBUG   vm:simulation    TICK 324 REGS: [(X0 = 0)(X1 = 0)(X2 = 1023)(X3 = 23)(X4 = 23)(X5 = -33)(X6 = 3)(X7 = 5)(X8 = 10)(X9 = 0)(X10 = 10)(X11 = 0)(X12 = 48)(X13 = 0)(X14 = 0)] DEC ['x2']
  DEBUG   vm:simulation    TICK 327 REGS: [(X0 = 0)(X1 = 0)(X2 = 1022)(X3 = 24)(X4 = 23)(X5 = -33)(X6 = 3)(X7 = 5)(X8 = 10)(X9 = 0)(X10 = 10)(X11 = 0)(X12 = 48)(X13 = 0)(X14 = 0)] MOV ['x11', 'x4']
  DEBUG   vm:simulation    TICK 331 REGS: [(X0 = 0)(X1 = 0)(X2 = 1022)(X3 = 25)(X4 = 23)(X5 = -33)(X6 = 3)(X7 = 5)(X8 = 10)(X9 = 0)(X10 = 10)(X11 = 23)(X12 = 48)(X13 = 0)(X14 = 0)] MOD ['x11', 'x10']
  DEBUG   vm:simulation    TICK 334 REGS: [(X0 = 0)(X1 = 0)(X2 = 1022)(X3 = 26)(X4 = 23)(X5 = -33)(X6 = 3)(X7 = 5)(X8 = 10)(X9 = 0)(X10 = 10)(X11 = 3)(X12 = 48)(X13 = 0)(X14 = 0)] DIV ['x4', 'x10']
  DEBUG   vm:simulation    TICK 337 REGS: [(X0 = 0)(X1 = 0)(X2 = 1022)(X3 = 27)(X4 = 2)(X5 = -33)(X6 = 3)(X7 = 5)(X8 = 10)(X9 = 0)(X10 = 10)(X11 = 3)(X12 = 48)(X13 = 0)(X14 = 0)] ADD ['x11', 'x12']
  DEBUG   vm:simulation    TICK 340 REGS: [(X0 = 0)(X1 = 0)(X2 = 1022)(X3 = 28)(X4 = 2)(X5 = -33)(X6 = 3)(X7 = 5)(X8 = 10)(X9 = 0)(X10 = 10)(X11 = 51)(X12 = 48)(X13 = 0)(X14 = 0)] ST ['x2', 'x11']
  DEBUG   vm:simulation    TICK 345 REGS: [(X0 = 0)(X1 = 0)(X2 = 1022)(X3 = 29)(X4 = 2)(X5 = -33)(X6 = 3)(X7 = 5)(X8 = 10)(X9 = 0)(X10 = 10)(X11 = 51)(X12 = 48)(X13 = 0)(X14 = 0)] CMP ['x4', 'x9']
  DEBUG   vm:simulation    TICK 348 REGS: [(X0 = 0)(X1 = 0)(X2 = 1022)(X3 = 30)(X4 = 2)(X5 = -33)(X6 = 3)(X7 = 5)(X8 = 10)(X9 = 0)(X10 = 10)(X11 = 51)(X12 = 48)(X13 = 0)(X14 = 0)] JE ['33']
  DEBUG   vm:simulation    TICK 350 REGS: [(X0 = 0)(X1 = 0)(X2 = 1022)(X3 = 31)(X4 = 2)(X5 = -33)(X6 = 3)(X7 = 5)(X8 = 10)(X9 = 0)(X10 = 10)(X11 = 51)(X12 = 48)(X13 = 0)(X14 = 0)] DEC ['x2']
  DEBUG   vm:simulation    TICK 353 REGS: [(X0 = 0)(X1 = 0)(X2 = 1021)(X3 = 32)(X4 = 2)(X5 = -33)(X6 = 3)(X7 = 5)(X8 = 10)(X9 = 0)(X10 = 10)(X11 = 51)(X12 = 48)(X13 = 0)(X14 = 0)] JUMP ['24']
  DEBUG   vm:simulation    TICK 355 REGS: [(X0 = 0)(X1 = 0)(X2 = 1021)(X3 = 24)(X4 = 2)(X5 = -33)(X6 = 3)(X7 = 5)(X8 = 10)(X9 = 0)(X10 = 10)(X11 = 51)(X12 = 48)(X13 = 0)(X14 = 0)] MOV ['x11', 'x4']
  DEBUG   vm:simulation    TICK 359 REGS: [(X0 = 0)(X1 = 0)(X2 = 1021)(X3 = 25)(X4 = 2)(X5 = -33)(X6 = 3)(X7 = 5)(X8 = 10)(X9 = 0)(X10 = 10)(X11 = 2)(X12 = 48)(X13 = 0)(X14 = 0)] MOD ['x11', 'x10']
  DEBUG   vm:simulation    TICK 362 REGS: [(X0 = 0)(X1 = 0)(X2 = 1021)(X3 = 26)(X4 = 2)(X5 = -33)(X6 = 3)(X7 = 5)(X8 = 10)(X9 = 0)(X10 = 10)(X11 = 2)(X12 = 48)(X13 = 0)(X14 = 0)] DIV ['x4', 'x10']
  DEBUG   vm:simulation    TICK 365 REGS: [(X0 = 0)(X1 = 0)(X2 = 1021)(X3 = 27)(X4 = 0)(X5 = -33)(X6 = 3)(X7 = 5)(X8 = 10)(X9 = 0)(X10 = 10)(X11 = 2)(X12 = 48)(X13 = 0)(X14 = 0)] ADD ['x11', 'x12']
  DEBUG   vm:simulation    TICK 368 REGS: [(X0 = 0)(X1 = 0)(X2 = 1021)(X3 = 28)(X4 = 0)(X5 = -33)(X6 = 3)(X7 = 5)(X8 = 10)(X9 = 0)(X10 = 10)(X11 = 50)(X12 = 48)(X13 = 0)(X14 = 0)] ST ['x2', 'x11']
  DEBUG   vm:simulation    TICK 373 REGS: [(X0 = 0)(X1 = 0)(X2 = 1021)(X3 = 29)(X4 = 0)(X5 = -33)(X6 = 3)(X7 = 5)(X8 = 10)(X9 = 0)(X10 = 10)(X11 = 50)(X12 = 48)(X13 = 0)(X14 = 0)] CMP ['x4', 'x9']
  DEBUG   vm:simulation    TICK 376 REGS: [(X0 = 0)(X1 = 0)(X2 = 1021)(X3 = 30)(X4 = 0)(X5 = -33)(X6 = 3)(X7 = 5)(X8 = 10)(X9 = 0)(X10 = 10)(X11 = 50)(X12 = 48)(X13 = 0)(X14 = 0)] JE ['33']
  DEBUG   vm:simulation    TICK 378 REGS: [(X0 = 0)(X1 = 0)(X2 = 1021)(X3 = 33)(X4 = 0)(X5 = -33)(X6 = 3)(X7 = 5)(X8 = 10)(X9 = 0)(X10 = 10)(X11 = 50)(X12 = 48)(X13 = 0)(X14 = 0)] LD ['x4', 'x2']
  DEBUG   vm:simulation    TICK 383 REGS: [(X0 = 0)(X1 = 0)(X2 = 1021)(X3 = 34)(X4 = 50)(X5 = -33)(X6 = 3)(X7 = 5)(X8 = 10)(X9 = 0)(X10 = 10)(X11 = 50)(X12 = 48)(X13 = 0)(X14 = 0)] CMP ['x4', 'x9']
  DEBUG   vm:simulation    TICK 386 REGS: [(X0 = 0)(X1 = 0)(X2 = 1021)(X3 = 35)(X4 = 50)(X5 = -33)(X6 = 3)(X7 = 5)(X8 = 10)(X9 = 0)(X10 = 10)(X11 = 50)(X12 = 48)(X13 = 0)(X14 = 0)] JE ['39']
  DEBUG   vm:simulation    TICK 388 REGS: [(X0 = 0)(X1 = 0)(X2 = 1021)(X3 = 36)(X4 = 50)(X5 = -33)(X6 = 3)(X7 = 5)(X8 = 10)(X9 = 0)(X10 = 10)(X11 = 50)(X12 = 48)(X13 = 0)(X14 = 0)] ST ['x5', 'x4']
  DEBUG   vm:simulation    TICK 393 REGS: [(X0 = 0)(X1 = 0)(X2 = 1021)(X3 = 37)(X4 = 50)(X5 = -33)(X6 = 3)(X7 = 5)(X8 = 10)(X9 = 0)(X10 = 10)(X11 = 50)(X12 = 48)(X13 = 0)(X14 = 0)] INC ['x2']
  DEBUG   vm:simulation    TICK 396 REGS: [(X0 = 0)(X1 = 0)(X2 = 1022)(X3 = 38)(X4 = 50)(X5 = -33)(X6 = 3)(X7 = 5)(X8 = 10)(X9 = 0)(X10 = 10)(X11 = 50)(X12 = 48)(X13 = 0)(X14 = 0)] JUMP ['33']
  DEBUG   vm:simulation    TICK 398 REGS: [(X0 = 0)(X1 = 0)(X2 = 1022)(X3 = 33)(X4 = 50)(X5 = -33)(X6 = 3)(X7 = 5)(X8 = 10)(X9 = 0)(X10 = 10)(X11 = 50)(X12 = 48)(X13 = 0)(X14 = 0)] LD ['x4', 'x2']
  DEBUG   vm:simulation    TICK 403 REGS: [(X0 = 0)(X1 = 0)(X2 = 1022)(X3 = 34)(X4 = 51)(X5 = -33)(X6 = 3)(X7 = 5)(X8 = 10)(X9 = 0)(X10 = 10)(X11 = 50)(X12 = 48)(X13 = 0)(X14 = 0)] CMP ['x4', 'x9']
  DEBUG   vm:simulation    TICK 406 REGS: [(X0 = 0)(X1 = 0)(X2 = 1022)(X3 = 35)(X4 = 51)(X5 = -33)(X6 = 3)(X7 = 5)(X8 = 10)(X9 = 0)(X10 = 10)(X11 = 50)(X12 = 48)(X13 = 0)(X14 = 0)] JE ['39']
  DEBUG   vm:simulation    TICK 408 REGS: [(X0 = 0)(X1 = 0)(X2 = 1022)(X3 = 36)(X4 = 51)(X5 = -33)(X6 = 3)(X7 = 5)(X8 = 10)(X9 = 0)(X10 = 10)(X11 = 50)(X12 = 48)(X13 = 0)(X14 = 0)] ST ['x5', 'x4']
  DEBUG   vm:simulation    TICK 413 REGS: [(X0 = 0)(X1 = 0)(X2 = 1022)(X3 = 37)(X4 = 51)(X5 = -33)(X6 = 3)(X7 = 5)(X8 = 10)(X9 = 0)(X10 = 10)(X11 = 50)(X12 = 48)(X13 = 0)(X14 = 0)] INC ['x2']
  DEBUG   vm:simulation    TICK 416 REGS: [(X0 = 0)(X1 = 0)(X2 = 1023)(X3 = 38)(X4 = 51)(X5 = -33)(X6 = 3)(X7 = 5)(X8 = 10)(X9 = 0)(X10 = 10)(X11 = 50)(X12 = 48)(X13 = 0)(X14 = 0)] JUMP ['33']
  DEBUG   vm:simulation    TICK 418 REGS: [(X0 = 0)(X1 = 0)(X2 = 1023)(X3 = 33)(X4 = 51)(X5 = -33)(X6 = 3)(X7 = 5)(X8 = 10)(X9 = 0)(X10 = 10)(X11 = 50)(X12 = 48)(X13 = 0)(X14 = 0)] LD ['x4', 'x2']
  DEBUG   vm:simulation    TICK 423 REGS: [(X0 = 0)(X1 = 0)(X2 = 1023)(X3 = 34)(X4 = 0)(X5 = -33)(X6 = 3)(X7 = 5)(X8 = 10)(X9 = 0)(X10 = 10)(X11 = 50)(X12 = 48)(X13 = 0)(X14 = 0)] CMP ['x4', 'x9']
  DEBUG   vm:simulation    TICK 426 REGS: [(X0 = 0)(X1 = 0)(X2 = 1023)(X3 = 35)(X4 = 0)(X5 = -33)(X6 = 3)(X7 = 5)(X8 = 10)(X9 = 0)(X10 = 10)(X11 = 50)(X12 = 48)(X13 = 0)(X14 = 0)] JE ['39']
  DEBUG   vm:simulation    TICK 428 REGS: [(X0 = 0)(X1 = 0)(X2 = 1023)(X3 = 39)(X4 = 0)(X5 = -33)(X6 = 3)(X7 = 5)(X8 = 10)(X9 = 0)(X10 = 10)(X11 = 50)(X12 = 48)(X13 = 0)(X14 = 0)] HLT []